Archive member included because of file (symbol)

/home/chetanpatil/CodeSourcery/Sourcery_G++_Lite/bin/../lib/gcc/arm-none-eabi/4.5.2/../../../../arm-none-eabi/lib/thumb2/libc.a(lib_a-init.o)
                              obj/src/startup_stm32f4xx.o (__libc_init_array)
/home/chetanpatil/CodeSourcery/Sourcery_G++_Lite/bin/../lib/gcc/arm-none-eabi/4.5.2/../../../../arm-none-eabi/lib/thumb2/libc.a(lib_a-malloc.o)
                              obj/FreeRTOS/Source/tasks.o (malloc)
/home/chetanpatil/CodeSourcery/Sourcery_G++_Lite/bin/../lib/gcc/arm-none-eabi/4.5.2/../../../../arm-none-eabi/lib/thumb2/libc.a(lib_a-mallocr.o)
                              /home/chetanpatil/CodeSourcery/Sourcery_G++_Lite/bin/../lib/gcc/arm-none-eabi/4.5.2/../../../../arm-none-eabi/lib/thumb2/libc.a(lib_a-malloc.o) (_malloc_r)
/home/chetanpatil/CodeSourcery/Sourcery_G++_Lite/bin/../lib/gcc/arm-none-eabi/4.5.2/../../../../arm-none-eabi/lib/thumb2/libc.a(lib_a-memcpy.o)
                              obj/FreeRTOS/Source/tasks.o (memcpy)
/home/chetanpatil/CodeSourcery/Sourcery_G++_Lite/bin/../lib/gcc/arm-none-eabi/4.5.2/../../../../arm-none-eabi/lib/thumb2/libc.a(lib_a-memset.o)
                              obj/FreeRTOS/Source/tasks.o (memset)
/home/chetanpatil/CodeSourcery/Sourcery_G++_Lite/bin/../lib/gcc/arm-none-eabi/4.5.2/../../../../arm-none-eabi/lib/thumb2/libc.a(lib_a-sprintf.o)
                              obj/FreeRTOS/Source/tasks.o (sprintf)
/home/chetanpatil/CodeSourcery/Sourcery_G++_Lite/bin/../lib/gcc/arm-none-eabi/4.5.2/../../../../arm-none-eabi/lib/thumb2/libc.a(lib_a-strcat.o)
                              obj/FreeRTOS/Source/tasks.o (strcat)
/home/chetanpatil/CodeSourcery/Sourcery_G++_Lite/bin/../lib/gcc/arm-none-eabi/4.5.2/../../../../arm-none-eabi/lib/thumb2/libc.a(lib_a-strcpy.o)
                              /home/chetanpatil/CodeSourcery/Sourcery_G++_Lite/bin/../lib/gcc/arm-none-eabi/4.5.2/../../../../arm-none-eabi/lib/thumb2/libc.a(lib_a-strcat.o) (strcpy)
/home/chetanpatil/CodeSourcery/Sourcery_G++_Lite/bin/../lib/gcc/arm-none-eabi/4.5.2/../../../../arm-none-eabi/lib/thumb2/libc.a(lib_a-strlen.o)
                              obj/FreeRTOS/Source/tasks.o (strlen)
/home/chetanpatil/CodeSourcery/Sourcery_G++_Lite/bin/../lib/gcc/arm-none-eabi/4.5.2/../../../../arm-none-eabi/lib/thumb2/libc.a(lib_a-strncpy.o)
                              obj/FreeRTOS/Source/tasks.o (strncpy)
/home/chetanpatil/CodeSourcery/Sourcery_G++_Lite/bin/../lib/gcc/arm-none-eabi/4.5.2/../../../../arm-none-eabi/lib/thumb2/libc.a(lib_a-svfprintf.o)
                              /home/chetanpatil/CodeSourcery/Sourcery_G++_Lite/bin/../lib/gcc/arm-none-eabi/4.5.2/../../../../arm-none-eabi/lib/thumb2/libc.a(lib_a-sprintf.o) (_svfprintf_r)
/home/chetanpatil/CodeSourcery/Sourcery_G++_Lite/bin/../lib/gcc/arm-none-eabi/4.5.2/../../../../arm-none-eabi/lib/thumb2/libc.a(lib_a-dtoa.o)
                              /home/chetanpatil/CodeSourcery/Sourcery_G++_Lite/bin/../lib/gcc/arm-none-eabi/4.5.2/../../../../arm-none-eabi/lib/thumb2/libc.a(lib_a-svfprintf.o) (_dtoa_r)
/home/chetanpatil/CodeSourcery/Sourcery_G++_Lite/bin/../lib/gcc/arm-none-eabi/4.5.2/../../../../arm-none-eabi/lib/thumb2/libc.a(lib_a-freer.o)
                              /home/chetanpatil/CodeSourcery/Sourcery_G++_Lite/bin/../lib/gcc/arm-none-eabi/4.5.2/../../../../arm-none-eabi/lib/thumb2/libc.a(lib_a-malloc.o) (_free_r)
/home/chetanpatil/CodeSourcery/Sourcery_G++_Lite/bin/../lib/gcc/arm-none-eabi/4.5.2/../../../../arm-none-eabi/lib/thumb2/libc.a(lib_a-impure.o)
                              /home/chetanpatil/CodeSourcery/Sourcery_G++_Lite/bin/../lib/gcc/arm-none-eabi/4.5.2/../../../../arm-none-eabi/lib/thumb2/libc.a(lib_a-malloc.o) (_impure_ptr)
/home/chetanpatil/CodeSourcery/Sourcery_G++_Lite/bin/../lib/gcc/arm-none-eabi/4.5.2/../../../../arm-none-eabi/lib/thumb2/libc.a(lib_a-locale.o)
                              /home/chetanpatil/CodeSourcery/Sourcery_G++_Lite/bin/../lib/gcc/arm-none-eabi/4.5.2/../../../../arm-none-eabi/lib/thumb2/libc.a(lib_a-svfprintf.o) (_localeconv_r)
/home/chetanpatil/CodeSourcery/Sourcery_G++_Lite/bin/../lib/gcc/arm-none-eabi/4.5.2/../../../../arm-none-eabi/lib/thumb2/libc.a(lib_a-memchr.o)
                              /home/chetanpatil/CodeSourcery/Sourcery_G++_Lite/bin/../lib/gcc/arm-none-eabi/4.5.2/../../../../arm-none-eabi/lib/thumb2/libc.a(lib_a-svfprintf.o) (memchr)
/home/chetanpatil/CodeSourcery/Sourcery_G++_Lite/bin/../lib/gcc/arm-none-eabi/4.5.2/../../../../arm-none-eabi/lib/thumb2/libc.a(lib_a-mprec.o)
                              /home/chetanpatil/CodeSourcery/Sourcery_G++_Lite/bin/../lib/gcc/arm-none-eabi/4.5.2/../../../../arm-none-eabi/lib/thumb2/libc.a(lib_a-dtoa.o) (_Balloc)
/home/chetanpatil/CodeSourcery/Sourcery_G++_Lite/bin/../lib/gcc/arm-none-eabi/4.5.2/../../../../arm-none-eabi/lib/thumb2/libc.a(lib_a-s_fpclassify.o)
[...]
Memory Configuration

Name             Origin             Length             Attributes
FLASH            0x08000000         0x00100000         xr
RAM              0x20000000         0x00020000         xrw
MEMORY_B1        0x60000000         0x00000000         xr
*default*        0x00000000         0xffffffff

Linker script and memory map

LOAD /home/chetanpatil/CodeSourcery/Sourcery_G++_Lite/bin/../lib/gcc/arm-none-eabi/4.5.2/thumb2/crti.o
LOAD /home/chetanpatil/CodeSourcery/Sourcery_G++_Lite/bin/../lib/gcc/arm-none-eabi/4.5.2/thumb2/crtbegin.o
LOAD obj/src/uart.o
LOAD obj/src/ustime.o
LOAD obj/src/main.o
LOAD obj/src/startup_stm32f4xx.o
LOAD obj/src/system_stm32f4xx.o
LOAD obj/src/syscalls.o
LOAD obj/FreeRTOS/Source/tasks.o
LOAD obj/FreeRTOS/Source/queue.o
LOAD obj/FreeRTOS/Source/list.o
LOAD obj/FreeRTOS/Source/croutine.o
LOAD obj/FreeRTOS/Source/portable/GCC/ARM_CM4F/port.o
LOAD obj/libs/STM32F4xx_StdPeriph_Driver/src/misc.o
LOAD obj/libs/STM32F4xx_StdPeriph_Driver/src/stm32f4xx_adc.o
LOAD obj/libs/STM32F4xx_StdPeriph_Driver/src/stm32f4xx_can.o
LOAD obj/libs/STM32F4xx_StdPeriph_Driver/src/stm32f4xx_crc.o
LOAD obj/libs/STM32F4xx_StdPeriph_Driver/src/stm32f4xx_cryp.o
LOAD obj/libs/STM32F4xx_StdPeriph_Driver/src/stm32f4xx_cryp_aes.o
LOAD obj/libs/STM32F4xx_StdPeriph_Driver/src/stm32f4xx_cryp_des.o
LOAD obj/libs/STM32F4xx_StdPeriph_Driver/src/stm32f4xx_cryp_tdes.o
LOAD obj/libs/STM32F4xx_StdPeriph_Driver/src/stm32f4xx_dac.o
LOAD obj/libs/STM32F4xx_StdPeriph_Driver/src/stm32f4xx_dbgmcu.o
LOAD obj/libs/STM32F4xx_StdPeriph_Driver/src/stm32f4xx_dcmi.o
LOAD obj/libs/STM32F4xx_StdPeriph_Driver/src/stm32f4xx_dma.o
LOAD obj/libs/STM32F4xx_StdPeriph_Driver/src/stm32f4xx_exti.o
LOAD obj/libs/STM32F4xx_StdPeriph_Driver/src/stm32f4xx_flash.o
LOAD obj/libs/STM32F4xx_StdPeriph_Driver/src/stm32f4xx_fsmc.o
LOAD obj/libs/STM32F4xx_StdPeriph_Driver/src/stm32f4xx_gpio.o
LOAD obj/libs/STM32F4xx_StdPeriph_Driver/src/stm32f4xx_hash.o
LOAD obj/libs/STM32F4xx_StdPeriph_Driver/src/stm32f4xx_hash_md5.o
LOAD obj/libs/STM32F4xx_StdPeriph_Driver/src/stm32f4xx_hash_sha1.o
LOAD obj/libs/STM32F4xx_StdPeriph_Driver/src/stm32f4xx_i2c.o
LOAD obj/libs/STM32F4xx_StdPeriph_Driver/src/stm32f4xx_iwdg.o
LOAD obj/libs/STM32F4xx_StdPeriph_Driver/src/stm32f4xx_pwr.o
LOAD obj/libs/STM32F4xx_StdPeriph_Driver/src/stm32f4xx_rcc.o
LOAD obj/libs/STM32F4xx_StdPeriph_Driver/src/stm32f4xx_rng.o
LOAD obj/libs/STM32F4xx_StdPeriph_Driver/src/stm32f4xx_rtc.o
LOAD obj/libs/STM32F4xx_StdPeriph_Driver/src/stm32f4xx_sdio.o
LOAD obj/libs/STM32F4xx_StdPeriph_Driver/src/stm32f4xx_spi.o
LOAD obj/libs/STM32F4xx_StdPeriph_Driver/src/stm32f4xx_syscfg.o
LOAD obj/libs/STM32F4xx_StdPeriph_Driver/src/stm32f4xx_tim.o
LOAD obj/libs/STM32F4xx_StdPeriph_Driver/src/stm32f4xx_usart.o
LOAD obj/libs/STM32F4xx_StdPeriph_Driver/src/stm32f4xx_wwdg.o
LOAD /home/chetanpatil/CodeSourcery/Sourcery_G++_Lite/bin/../lib/gcc/arm-none-eabi/4.5.2/../../../../arm-none-eabi/lib/thumb2/libm.a
START GROUP
LOAD /home/chetanpatil/CodeSourcery/Sourcery_G++_Lite/bin/../lib/gcc/arm-none-eabi/4.5.2/thumb2/libgcc.a
LOAD /home/chetanpatil/CodeSourcery/Sourcery_G++_Lite/bin/../lib/gcc/arm-none-eabi/4.5.2/../../../../arm-none-eabi/lib/thumb2/libc.a
END GROUP
LOAD /home/chetanpatil/CodeSourcery/Sourcery_G++_Lite/bin/../lib/gcc/arm-none-eabi/4.5.2/thumb2/crtend.o
LOAD /home/chetanpatil/CodeSourcery/Sourcery_G++_Lite/bin/../lib/gcc/arm-none-eabi/4.5.2/thumb2/crtn.o
                0x20020000                _estack = 0x20020000
                0x00000000                _Min_Heap_Size = 0x0
                0x00000400                _Min_Stack_Size = 0x400

.isr_vector     0x08000000      0x188
                0x08000000                . = ALIGN (0x4)
 *(.isr_vector)
 .isr_vector    0x08000000      0x188 obj/src/startup_stm32f4xx.o
                0x08000000                g_pfnVectors
                0x08000188                . = ALIGN (0x4)

.text           0x08000188     0x25c8
                0x08000188                . = ALIGN (0x4)
 *(.text)
 .text          0x08000188       0x30 /home/chetanpatil/CodeSourcery/Sourcery_G++_Lite/bin/../lib/gcc/arm-none-eabi/4.5.2/thumb2/crtbegin.o
 .text          0x080001b8       0x50 /home/chetanpatil/CodeSourcery/Sourcery_G++_Lite/bin/../lib/gcc/arm-none-eabi/4.5.2/../../../../arm-none-eabi/lib/thumb2/libc.a(lib_a-init.o)
                0x080001b8                __libc_init_array
 .text          0x08000208       0x20 /home/chetanpatil/CodeSourcery/Sourcery_G++_Lite/bin/../lib/gcc/arm-none-eabi/4.5.2/../../../../arm-none-eabi/lib/thumb2/libc.a(lib_a-malloc.o)
                0x08000208                malloc
                0x08000218                free
 .text          0x08000228      0x57c /home/chetanpatil/CodeSourcery/Sourcery_G++_Lite/bin/../lib/gcc/arm-none-eabi/4.5.2/../../../../arm-none-eabi/lib/thumb2/libc.a(lib_a-mallocr.o)
                0x08000228                _malloc_r
 .text          0x080007a4       0xb4 /home/chetanpatil/CodeSourcery/Sourcery_G++_Lite/bin/../lib/gcc/arm-none-eabi/4.5.2/../../../../arm-none-eabi/lib/thumb2/libc.a(lib_a-memset.o)
                0x080007a4                memset
 .text          0x08000858       0x78 /home/chetanpatil/CodeSourcery/Sourcery_G++_Lite/bin/../lib/gcc/arm-none-eabi/4.5.2/../../../../arm-none-eabi/lib/thumb2/libc.a(lib_a-strncpy.o)
                0x08000858                strncpy
 .text          0x080008d0      0x240 /home/chetanpatil/CodeSourcery/Sourcery_G++_Lite/bin/../lib/gcc/arm-none-eabi/4.5.2/../../../../arm-none-eabi/lib/thumb2/libc.a(lib_a-freer.o)
                0x080008d0                _malloc_trim_r
                0x08000978                _free_r
 *(.text*)
 .text.rb_getc  0x08000b10       0x70 obj/src/uart.o
 .text.rb_putc  0x08000b80       0x6c obj/src/uart.o
 .text.USART1_IRQHandler
                0x08000bec       0xa0 obj/src/uart.o
                0x08000bec                USART1_IRQHandler
 .text.get_us_time
                0x08000c8c       0x70 obj/src/ustime.o
                0x08000c8c                get_us_time
 .text.init_us_timer
                0x08000cfc       0x58 obj/src/ustime.o
                0x08000cfc                init_us_timer
 .text.AdcTask  0x08000d54       0x84 obj/src/main.o
 .text.initx    0x08000dd8      0x164 obj/src/main.o
                0x08000dd8                initx
 .text.main     0x08000f3c       0x4c obj/src/main.o
                0x08000f3c                main
 .text.Reset_Handler
                0x08000f88       0x58 obj/src/startup_stm32f4xx.o
                0x08000f88                Reset_Handler
 .text.Default_Handler
                0x08000fe0        0x2 obj/src/startup_stm32f4xx.o
                0x08000fe0                RTC_Alarm_IRQHandler
                0x08000fe0                HASH_RNG_IRQHandler
                0x08000fe0                EXTI2_IRQHandler
                0x08000fe0                TIM8_CC_IRQHandler
                0x08000fe0                DebugMon_Handler
                0x08000fe0                TIM1_CC_IRQHandler
                0x08000fe0                DMA2_Stream5_IRQHandler
                0x08000fe0                HardFault_Handler
                0x08000fe0                DMA1_Stream5_IRQHandler
                0x08000fe0                PVD_IRQHandler
                0x08000fe0                SDIO_IRQHandler
                0x08000fe0                TAMP_STAMP_IRQHandler
                0x08000fe0                NMI_Handler
                0x08000fe0                CAN2_RX1_IRQHandler
                0x08000fe0                EXTI3_IRQHandler
                0x08000fe0                TIM8_TRG_COM_TIM14_IRQHandler
                0x08000fe0                TIM1_UP_TIM10_IRQHandler
                0x08000fe0                TIM8_UP_TIM13_IRQHandler
                0x08000fe0                I2C3_ER_IRQHandler
                0x08000fe0                EXTI0_IRQHandler
                0x08000fe0                I2C2_EV_IRQHandler
                0x08000fe0                DMA1_Stream2_IRQHandler
                0x08000fe0                CAN1_RX0_IRQHandler
                0x08000fe0                FPU_IRQHandler
                0x08000fe0                OTG_HS_WKUP_IRQHandler
                0x08000fe0                UsageFault_Handler
                0x08000fe0                CAN2_SCE_IRQHandler
                0x08000fe0                DMA2_Stream2_IRQHandler
                0x08000fe0                SPI1_IRQHandler
                0x08000fe0                TIM6_DAC_IRQHandler
                0x08000fe0                TIM1_BRK_TIM9_IRQHandler
                0x08000fe0                DCMI_IRQHandler
                0x08000fe0                CAN2_RX0_IRQHandler
                0x08000fe0                DMA2_Stream3_IRQHandler
                0x08000fe0                USART6_IRQHandler
                0x08000fe0                USART3_IRQHandler
                0x08000fe0                CRYP_IRQHandler
                0x08000fe0                CAN1_RX1_IRQHandler
                0x08000fe0                UART5_IRQHandler
                0x08000fe0                DMA2_Stream0_IRQHandler
                0x08000fe0                TIM4_IRQHandler
                0x08000fe0                I2C1_EV_IRQHandler
                0x08000fe0                DMA1_Stream6_IRQHandler
                0x08000fe0                DMA1_Stream1_IRQHandler
                0x08000fe0                UART4_IRQHandler
                0x08000fe0                TIM3_IRQHandler
                0x08000fe0                RCC_IRQHandler
                0x08000fe0                TIM8_BRK_TIM12_IRQHandler
                0x08000fe0                Default_Handler
                0x08000fe0                EXTI15_10_IRQHandler
                0x08000fe0                ADC_IRQHandler
                0x08000fe0                DMA1_Stream7_IRQHandler
                0x08000fe0                TIM7_IRQHandler
                0x08000fe0                CAN2_TX_IRQHandler
                0x08000fe0                TIM5_IRQHandler
                0x08000fe0                DMA2_Stream7_IRQHandler
                0x08000fe0                I2C3_EV_IRQHandler
                0x08000fe0                EXTI9_5_IRQHandler
                0x08000fe0                RTC_WKUP_IRQHandler
                0x08000fe0                ETH_WKUP_IRQHandler
                0x08000fe0                SPI2_IRQHandler
                0x08000fe0                OTG_HS_EP1_IN_IRQHandler
                0x08000fe0                MemManage_Handler
                0x08000fe0                DMA1_Stream0_IRQHandler
                0x08000fe0                CAN1_TX_IRQHandler
                0x08000fe0                EXTI4_IRQHandler
                0x08000fe0                FSMC_IRQHandler
                0x08000fe0                ETH_IRQHandler
                0x08000fe0                OTG_HS_EP1_OUT_IRQHandler
                0x08000fe0                WWDG_IRQHandler
                0x08000fe0                TIM2_IRQHandler
                0x08000fe0                OTG_FS_WKUP_IRQHandler
                0x08000fe0                TIM1_TRG_COM_TIM11_IRQHandler
                0x08000fe0                OTG_HS_IRQHandler
                0x08000fe0                EXTI1_IRQHandler
                0x08000fe0                USART2_IRQHandler
                0x08000fe0                I2C2_ER_IRQHandler
                0x08000fe0                DMA2_Stream1_IRQHandler
                0x08000fe0                CAN1_SCE_IRQHandler
                0x08000fe0                FLASH_IRQHandler
                0x08000fe0                DMA2_Stream4_IRQHandler
                0x08000fe0                BusFault_Handler
                0x08000fe0                OTG_FS_IRQHandler
                0x08000fe0                SPI3_IRQHandler
                0x08000fe0                DMA1_Stream4_IRQHandler
                0x08000fe0                I2C1_ER_IRQHandler
                0x08000fe0                DMA2_Stream6_IRQHandler
                0x08000fe0                DMA1_Stream3_IRQHandler
 *fill*         0x08000fe2        0x2 00
 .text.SystemInit
                0x08000fe4       0x5c obj/src/system_stm32f4xx.o
                0x08000fe4                SystemInit
 .text.SetSysClock
                0x08001040      0x130 obj/src/system_stm32f4xx.o
 .text._sbrk_r  0x08001170       0x6c obj/src/syscalls.o
                0x08001170                _sbrk_r
 .text.__malloc_lock
                0x080011dc       0x14 obj/src/syscalls.o
                0x080011dc                __malloc_lock
 .text.__malloc_unlock
                0x080011f0       0x14 obj/src/syscalls.o
                0x080011f0                __malloc_unlock
 .text.xTaskGenericCreate
                0x08001204      0x160 obj/FreeRTOS/Source/tasks.o
                0x08001204                xTaskGenericCreate
 .text.vTaskStartScheduler
                0x08001364       0x74 obj/FreeRTOS/Source/tasks.o
                0x08001364                vTaskStartScheduler
 .text.vTaskSuspendAll
                0x080013d8       0x1c obj/FreeRTOS/Source/tasks.o
                0x080013d8                vTaskSuspendAll
 .text.xTaskResumeAll
                0x080013f4      0x114 obj/FreeRTOS/Source/tasks.o
                0x080013f4                xTaskResumeAll
 .text.vTaskIncrementTick
                0x08001508      0x13c obj/FreeRTOS/Source/tasks.o
                0x08001508                vTaskIncrementTick
 .text.vTaskSwitchContext
                0x08001644       0xdc obj/FreeRTOS/Source/tasks.o
                0x08001644                vTaskSwitchContext
 .text.prvIdleTask
                0x08001720       0x24 obj/FreeRTOS/Source/tasks.o
 .text.prvInitialiseTCBVariables
                0x08001744       0x8c obj/FreeRTOS/Source/tasks.o
 .text.prvInitialiseTaskLists
                0x080017d0       0x88 obj/FreeRTOS/Source/tasks.o
 .text.prvCheckTasksWaitingTermination
                0x08001858       0x78 obj/FreeRTOS/Source/tasks.o
 .text.prvAllocateTCBAndStack
                0x080018d0       0x74 obj/FreeRTOS/Source/tasks.o
 .text.prvDeleteTCB
                0x08001944       0x20 obj/FreeRTOS/Source/tasks.o
 .text.vListInitialise
                0x08001964       0x48 obj/FreeRTOS/Source/list.o
                0x08001964                vListInitialise
 .text.vListInitialiseItem
                0x080019ac       0x1c obj/FreeRTOS/Source/list.o
                0x080019ac                vListInitialiseItem
 .text.vListInsertEnd
                0x080019c8       0x50 obj/FreeRTOS/Source/list.o
                0x080019c8                vListInsertEnd
 .text.vListRemove
                0x08001a18       0x54 obj/FreeRTOS/Source/list.o
                0x08001a18                vListRemove
 .text.pxPortInitialiseStack
                0x08001a6c       0x70 obj/FreeRTOS/Source/portable/GCC/ARM_CM4F/port.o
                0x08001a6c                pxPortInitialiseStack
 .text.SVC_Handler
                0x08001adc       0x1c obj/FreeRTOS/Source/portable/GCC/ARM_CM4F/port.o
                0x08001adc                SVC_Handler
 .text.vPortStartFirstTask
                0x08001af8       0x14 obj/FreeRTOS/Source/portable/GCC/ARM_CM4F/port.o
 .text.xPortStartScheduler
                0x08001b0c       0x50 obj/FreeRTOS/Source/portable/GCC/ARM_CM4F/port.o
                0x08001b0c                xPortStartScheduler
 .text.vPortYieldFromISR
                0x08001b5c       0x18 obj/FreeRTOS/Source/portable/GCC/ARM_CM4F/port.o
                0x08001b5c                vPortYieldFromISR
 .text.vPortEnterCritical
                0x08001b74       0x24 obj/FreeRTOS/Source/portable/GCC/ARM_CM4F/port.o
                0x08001b74                vPortEnterCritical
 .text.vPortExitCritical
                0x08001b98       0x2c obj/FreeRTOS/Source/portable/GCC/ARM_CM4F/port.o
                0x08001b98                vPortExitCritical
 .text.PendSV_Handler
                0x08001bc4       0x50 obj/FreeRTOS/Source/portable/GCC/ARM_CM4F/port.o
                0x08001bc4                PendSV_Handler
 .text.SysTick_Handler
                0x08001c14       0x34 obj/FreeRTOS/Source/portable/GCC/ARM_CM4F/port.o
                0x08001c14                SysTick_Handler
 .text.prvSetupTimerInterrupt
                0x08001c48       0x38 obj/FreeRTOS/Source/portable/GCC/ARM_CM4F/port.o
 .text.vPortEnableVFP
                0x08001c80       0x14 obj/FreeRTOS/Source/portable/GCC/ARM_CM4F/port.o
 .text.ADC_Init
                0x08001c94       0xc4 obj/libs/STM32F4xx_StdPeriph_Driver/src/stm32f4xx_adc.o
                0x08001c94                ADC_Init
 .text.ADC_CommonInit
                0x08001d58       0x58 obj/libs/STM32F4xx_StdPeriph_Driver/src/stm32f4xx_adc.o
                0x08001d58                ADC_CommonInit
 .text.ADC_Cmd  0x08001db0       0x38 obj/libs/STM32F4xx_StdPeriph_Driver/src/stm32f4xx_adc.o
                0x08001db0                ADC_Cmd
 .text.ADC_TempSensorVrefintCmd
                0x08001de8       0x38 obj/libs/STM32F4xx_StdPeriph_Driver/src/stm32f4xx_adc.o
                0x08001de8                ADC_TempSensorVrefintCmd
 .text.ADC_RegularChannelConfig
                0x08001e20      0x1d0 obj/libs/STM32F4xx_StdPeriph_Driver/src/stm32f4xx_adc.o
                0x08001e20                ADC_RegularChannelConfig
 .text.ADC_SoftwareStartConv
                0x08001ff0       0x20 obj/libs/STM32F4xx_StdPeriph_Driver/src/stm32f4xx_adc.o
                0x08001ff0                ADC_SoftwareStartConv
 .text.ADC_GetConversionValue
                0x08002010       0x1c obj/libs/STM32F4xx_StdPeriph_Driver/src/stm32f4xx_adc.o
                0x08002010                ADC_GetConversionValue
 .text.GPIO_Init
                0x0800202c      0x148 obj/libs/STM32F4xx_StdPeriph_Driver/src/stm32f4xx_gpio.o
                0x0800202c                GPIO_Init
 .text.GPIO_PinAFConfig
                0x08002174       0xac obj/libs/STM32F4xx_StdPeriph_Driver/src/stm32f4xx_gpio.o
                0x08002174                GPIO_PinAFConfig
 .text.RCC_GetClocksFreq
                0x08002220      0x17c obj/libs/STM32F4xx_StdPeriph_Driver/src/stm32f4xx_rcc.o
                0x08002220                RCC_GetClocksFreq
 .text.RCC_AHB1PeriphClockCmd
                0x0800239c       0x44 obj/libs/STM32F4xx_StdPeriph_Driver/src/stm32f4xx_rcc.o
                0x0800239c                RCC_AHB1PeriphClockCmd
 .text.RCC_APB1PeriphClockCmd
                0x080023e0       0x44 obj/libs/STM32F4xx_StdPeriph_Driver/src/stm32f4xx_rcc.o
                0x080023e0                RCC_APB1PeriphClockCmd
 .text.RCC_APB2PeriphClockCmd
                0x08002424       0x44 obj/libs/STM32F4xx_StdPeriph_Driver/src/stm32f4xx_rcc.o
                0x08002424                RCC_APB2PeriphClockCmd
 .text.USART_Init
                0x08002468      0x1a8 obj/libs/STM32F4xx_StdPeriph_Driver/src/stm32f4xx_usart.o
                0x08002468                USART_Init
 .text.USART_Cmd
                0x08002610       0x40 obj/libs/STM32F4xx_StdPeriph_Driver/src/stm32f4xx_usart.o
                0x08002610                USART_Cmd
 .text.USART_SendData
                0x08002650       0x28 obj/libs/STM32F4xx_StdPeriph_Driver/src/stm32f4xx_usart.o
                0x08002650                USART_SendData
 .text.USART_GetFlagStatus
                0x08002678       0x40 obj/libs/STM32F4xx_StdPeriph_Driver/src/stm32f4xx_usart.o
                0x08002678                USART_GetFlagStatus
 *(.rodata)
 .rodata        0x080026b8        0x8 obj/src/main.o
 .rodata        0x080026c0       0x74 obj/FreeRTOS/Source/tasks.o
 *(.rodata*)
 .rodata.str1.4
                0x08002734        0x4 /home/chetanpatil/CodeSourcery/Sourcery_G++_Lite/bin/../lib/gcc/arm-none-eabi/4.5.2/../../../../arm-none-eabi/lib/thumb2/libc.a(lib_a-impure.o)
 *(.glue_7)
 .glue_7        0x00000000        0x0 linker stubs
 *(.glue_7t)
 .glue_7t       0x00000000        0x0 linker stubs
 *(.eh_frame)
 *(.init)
 .init          0x08002738        0x4 /home/chetanpatil/CodeSourcery/Sourcery_G++_Lite/bin/../lib/gcc/arm-none-eabi/4.5.2/thumb2/crti.o
                0x08002738                _init
 .init          0x0800273c        0x8 /home/chetanpatil/CodeSourcery/Sourcery_G++_Lite/bin/../lib/gcc/arm-none-eabi/4.5.2/thumb2/crtn.o
 *(.fini)
 .fini          0x08002744        0x4 /home/chetanpatil/CodeSourcery/Sourcery_G++_Lite/bin/../lib/gcc/arm-none-eabi/4.5.2/thumb2/crti.o
                0x08002744                _fini
 .fini          0x08002748        0x8 /home/chetanpatil/CodeSourcery/Sourcery_G++_Lite/bin/../lib/gcc/arm-none-eabi/4.5.2/thumb2/crtn.o
                0x08002750                . = ALIGN (0x4)
                0x08002750                _etext = .

.vfp11_veneer   0x08002750        0x0
 .vfp11_veneer  0x00000000        0x0 linker stubs

.v4_bx          0x08002750        0x0
 .v4_bx         0x00000000        0x0 linker stubs

.ARM.extab
 *(.ARM.extab* .gnu.linkonce.armextab.*)

.ARM            0x08002750        0x0
                0x08002750                __exidx_start = .
 *(.ARM.exidx*)
                0x08002750                __exidx_end = .

.preinit_array  0x08002750        0x0
                0x08002750                PROVIDE (__preinit_array_start, .)
 *(.preinit_array*)
                0x08002750                PROVIDE (__preinit_array_end, .)

.init_array     0x08002750        0x4
                0x08002750                PROVIDE (__init_array_start, .)
 *(SORT(.init_array.*))
 *(.init_array*)
 .init_array    0x08002750        0x4 /home/chetanpatil/CodeSourcery/Sourcery_G++_Lite/bin/../lib/gcc/arm-none-eabi/4.5.2/thumb2/crtbegin.o
                0x08002754                PROVIDE (__init_array_end, .)

.fini_array     0x08002754        0x4
                0x08002754                PROVIDE (__fini_array_start, .)
 *(.fini_array*)
 .fini_array    0x08002754        0x4 /home/chetanpatil/CodeSourcery/Sourcery_G++_Lite/bin/../lib/gcc/arm-none-eabi/4.5.2/thumb2/crtbegin.o
 *(SORT(.fini_array.*))
                0x08002758                PROVIDE (__fini_array_end, .)
                0x08002758                _sidata = .

.data           0x20000000      0x544 load address 0x08002758
                0x20000000                . = ALIGN (0x4)
                0x20000000                _sdata = .
 *(.data)
 .data          0x20000000      0x410 /home/chetanpatil/CodeSourcery/Sourcery_G++_Lite/bin/../lib/gcc/arm-none-eabi/4.5.2/../../../../arm-none-eabi/lib/thumb2/libc.a(lib_a-mallocr.o)
                0x20000000                __malloc_av_
                0x20000408                __malloc_sbrk_base
                0x2000040c                __malloc_trim_threshold
 .data          0x20000410       0xf4 /home/chetanpatil/CodeSourcery/Sourcery_G++_Lite/bin/../lib/gcc/arm-none-eabi/4.5.2/../../../../arm-none-eabi/lib/thumb2/libc.a(lib_a-impure.o)
                0x20000410                _impure_ptr
 *(.data*)
 .data.rx_buf   0x20000504       0x10 obj/src/uart.o
 .data.tx_buf   0x20000514       0x10 obj/src/uart.o
 .data.SystemCoreClock
                0x20000524        0x4 obj/src/system_stm32f4xx.o
                0x20000524                SystemCoreClock
 .data.__malloc_margin
                0x20000528        0x4 obj/src/syscalls.o
                0x20000528                __malloc_margin
 .data.xNextTaskUnblockTime
                0x2000052c        0x4 obj/FreeRTOS/Source/tasks.o
 .data.uxCriticalNesting
                0x20000530        0x4 obj/FreeRTOS/Source/portable/GCC/ARM_CM4F/port.o
 .data.APBAHBPrescTable
                0x20000534       0x10 obj/libs/STM32F4xx_StdPeriph_Driver/src/stm32f4xx_rcc.o
                0x20000544                . = ALIGN (0x4)
                0x20000544                _edata = .

.jcr            0x20000544        0x0 load address 0x08002c9c
 .jcr           0x20000544        0x0 /home/chetanpatil/CodeSourcery/Sourcery_G++_Lite/bin/../lib/gcc/arm-none-eabi/4.5.2/thumb2/crtbegin.o
                0x20000544                . = ALIGN (0x4)

.bss            0x20000548      0x264 load address 0x08002c9c
                0x20000548                _sbss = .
                0x20000548                __bss_start__ = _sbss
 *(.bss)
 .bss           0x20000548        0x1 /home/chetanpatil/CodeSourcery/Sourcery_G++_Lite/bin/../lib/gcc/arm-none-eabi/4.5.2/thumb2/crtbegin.o
 *fill*         0x20000549        0x3 00
 .bss           0x2000054c       0x34 /home/chetanpatil/CodeSourcery/Sourcery_G++_Lite/bin/../lib/gcc/arm-none-eabi/4.5.2/../../../../arm-none-eabi/lib/thumb2/libc.a(lib_a-mallocr.o)
                0x2000054c                __malloc_top_pad
                0x20000550                __malloc_current_mallinfo
                0x20000578                __malloc_max_sbrked_mem
                0x2000057c                __malloc_max_total_mem
 *(.bss*)
 .bss.__compound_literal.0
                0x20000580       0x80 obj/src/uart.o
 .bss.__compound_literal.1
                0x20000600       0x80 obj/src/uart.o
 .bss.uart_stats
                0x20000680        0xc obj/src/uart.o
 .bss.t0.7198   0x2000068c        0x2 obj/src/ustime.o
 *fill*         0x2000068e        0x2 00
 .bss.tickcount.7199
                0x20000690        0x8 obj/src/ustime.o
 .bss.adcValue  0x20000698        0x4 obj/src/main.o
                0x20000698                adcValue
 .bss.adcVoltage
                0x2000069c        0x4 obj/src/main.o
                0x2000069c                adcVoltage
 .bss.pxCurrentTCB
                0x200006a0        0x4 obj/FreeRTOS/Source/tasks.o
                0x200006a0                pxCurrentTCB
 .bss.pxReadyTasksLists
                0x200006a4       0x64 obj/FreeRTOS/Source/tasks.o
 .bss.xDelayedTaskList1
                0x20000708       0x14 obj/FreeRTOS/Source/tasks.o
 .bss.xDelayedTaskList2
                0x2000071c       0x14 obj/FreeRTOS/Source/tasks.o
 .bss.pxDelayedTaskList
                0x20000730        0x4 obj/FreeRTOS/Source/tasks.o
 .bss.pxOverflowDelayedTaskList
                0x20000734        0x4 obj/FreeRTOS/Source/tasks.o
 .bss.xPendingReadyList
                0x20000738       0x14 obj/FreeRTOS/Source/tasks.o
 .bss.xTasksWaitingTermination
                0x2000074c       0x14 obj/FreeRTOS/Source/tasks.o
 .bss.uxTasksDeleted
                0x20000760        0x4 obj/FreeRTOS/Source/tasks.o
 .bss.xSuspendedTaskList
                0x20000764       0x14 obj/FreeRTOS/Source/tasks.o
 .bss.xIdleTaskHandle
                0x20000778        0x4 obj/FreeRTOS/Source/tasks.o
 .bss.uxCurrentNumberOfTasks
                0x2000077c        0x4 obj/FreeRTOS/Source/tasks.o
 .bss.xTickCount
                0x20000780        0x4 obj/FreeRTOS/Source/tasks.o
 .bss.uxTopUsedPriority
                0x20000784        0x4 obj/FreeRTOS/Source/tasks.o
 .bss.uxTopReadyPriority
                0x20000788        0x4 obj/FreeRTOS/Source/tasks.o
 .bss.xSchedulerRunning
                0x2000078c        0x4 obj/FreeRTOS/Source/tasks.o
 .bss.uxSchedulerSuspended
                0x20000790        0x4 obj/FreeRTOS/Source/tasks.o
 .bss.uxMissedTicks
                0x20000794        0x4 obj/FreeRTOS/Source/tasks.o
 .bss.xMissedYield
                0x20000798        0x4 obj/FreeRTOS/Source/tasks.o
 .bss.xNumOfOverflows
                0x2000079c        0x4 obj/FreeRTOS/Source/tasks.o
 .bss.uxTaskNumber
                0x200007a0        0x4 obj/FreeRTOS/Source/tasks.o
 .bss.ulTaskSwitchedInTime
                0x200007a4        0x4 obj/FreeRTOS/Source/tasks.o
 *(COMMON)
 COMMON         0x200007a8        0x4 obj/src/syscalls.o
                0x200007a8                __brkval
                0x200007ac                . = ALIGN (0x4)
                0x200007ac                _ebss = .
                0x200007ac                __bss_end__ = _ebss

._user_heap_stack
                0x200007ac      0x400 load address 0x08002c9c
                0x200007ac                . = ALIGN (0x4)
                0x200007ac                PROVIDE (end, .)
                0x200007ac                PROVIDE (_end, .)
                0x200007ac                . = (. + _Min_Heap_Size)
                0x20000bac                . = (. + _Min_Stack_Size)
 *fill*         0x200007ac      0x400 00
                0x20000bac                . = ALIGN (0x4)

.memory_b1_text
 *(.mb1text)
 *(.mb1text*)
 *(.mb1rodata)
 *(.mb1rodata*)

/DISCARD/
 libc.a(*)
 libm.a(*)
 libgcc.a(*)

.ARM.attributes
                0x00000000       0x33
 *(.ARM.attributes)
 .ARM.attributes
                0x00000000       0x19 /home/chetanpatil/CodeSourcery/Sourcery_G++_Lite/bin/../lib/gcc/arm-none-eabi/4.5.2/thumb2/crti.o
 .ARM.attributes
                0x00000019       0x29 /home/chetanpatil/CodeSourcery/Sourcery_G++_Lite/bin/../lib/gcc/arm-none-eabi/4.5.2/thumb2/crtbegin.o
 .ARM.attributes
                0x00000042       0x37 obj/src/uart.o
 .ARM.attributes
                0x00000079       0x37 obj/src/ustime.o
 .ARM.attributes
                0x000000b0       0x37 obj/src/main.o
 .ARM.attributes
                0x000000e7       0x21 obj/src/startup_stm32f4xx.o
 .ARM.attributes
                0x00000108       0x37 obj/src/system_stm32f4xx.o
 .ARM.attributes
                0x0000013f       0x37 obj/src/syscalls.o
 .ARM.attributes
                0x00000176       0x37 obj/FreeRTOS/Source/tasks.o
 .ARM.attributes
                0x000001ad       0x37 obj/FreeRTOS/Source/queue.o
 .ARM.attributes
                0x000001e4       0x37 obj/FreeRTOS/Source/list.o
 .ARM.attributes
                0x0000021b       0x37 obj/FreeRTOS/Source/croutine.o
 .ARM.attributes
                0x00000252       0x37 obj/FreeRTOS/Source/portable/GCC/ARM_CM4F/port.o
 .ARM.attributes
                0x00000289       0x37 obj/libs/STM32F4xx_StdPeriph_Driver/src/misc.o
 .ARM.attributes
                0x000002c0       0x37 obj/libs/STM32F4xx_StdPeriph_Driver/src/stm32f4xx_adc.o
 .ARM.attributes
                0x000002f7       0x37 obj/libs/STM32F4xx_StdPeriph_Driver/src/stm32f4xx_can.o
 .ARM.attributes
                0x0000032e       0x37 obj/libs/STM32F4xx_StdPeriph_Driver/src/stm32f4xx_crc.o
 .ARM.attributes
                0x00000365       0x37 obj/libs/STM32F4xx_StdPeriph_Driver/src/stm32f4xx_cryp.o
 .ARM.attributes
                0x0000039c       0x37 obj/libs/STM32F4xx_StdPeriph_Driver/src/stm32f4xx_cryp_aes.o
 .ARM.attributes
                0x000003d3       0x37 obj/libs/STM32F4xx_StdPeriph_Driver/src/stm32f4xx_cryp_des.o
 .ARM.attributes
                0x0000040a       0x37 obj/libs/STM32F4xx_StdPeriph_Driver/src/stm32f4xx_cryp_tdes.o
 .ARM.attributes
                0x00000441       0x37 obj/libs/STM32F4xx_StdPeriph_Driver/src/stm32f4xx_dac.o
 .ARM.attributes
                0x00000478       0x37 obj/libs/STM32F4xx_StdPeriph_Driver/src/stm32f4xx_dbgmcu.o
 .ARM.attributes
                0x000004af       0x37 obj/libs/STM32F4xx_StdPeriph_Driver/src/stm32f4xx_dcmi.o
 .ARM.attributes
                0x000004e6       0x37 obj/libs/STM32F4xx_StdPeriph_Driver/src/stm32f4xx_dma.o
 .ARM.attributes
                0x0000051d       0x37 obj/libs/STM32F4xx_StdPeriph_Driver/src/stm32f4xx_exti.o
 .ARM.attributes
                0x00000554       0x37 obj/libs/STM32F4xx_StdPeriph_Driver/src/stm32f4xx_flash.o
 .ARM.attributes
                0x0000058b       0x37 obj/libs/STM32F4xx_StdPeriph_Driver/src/stm32f4xx_fsmc.o
 .ARM.attributes
                0x000005c2       0x37 obj/libs/STM32F4xx_StdPeriph_Driver/src/stm32f4xx_gpio.o
 .ARM.attributes
                0x000005f9       0x37 obj/libs/STM32F4xx_StdPeriph_Driver/src/stm32f4xx_hash.o
 .ARM.attributes
                0x00000630       0x37 obj/libs/STM32F4xx_StdPeriph_Driver/src/stm32f4xx_hash_md5.o
 .ARM.attributes
                0x00000667       0x37 obj/libs/STM32F4xx_StdPeriph_Driver/src/stm32f4xx_hash_sha1.o
 .ARM.attributes
                0x0000069e       0x37 obj/libs/STM32F4xx_StdPeriph_Driver/src/stm32f4xx_i2c.o
 .ARM.attributes
                0x000006d5       0x37 obj/libs/STM32F4xx_StdPeriph_Driver/src/stm32f4xx_iwdg.o
 .ARM.attributes
                0x0000070c       0x37 obj/libs/STM32F4xx_StdPeriph_Driver/src/stm32f4xx_pwr.o
 .ARM.attributes
                0x00000743       0x37 obj/libs/STM32F4xx_StdPeriph_Driver/src/stm32f4xx_rcc.o
 .ARM.attributes
                0x0000077a       0x37 obj/libs/STM32F4xx_StdPeriph_Driver/src/stm32f4xx_rng.o
 .ARM.attributes
                0x000007b1       0x37 obj/libs/STM32F4xx_StdPeriph_Driver/src/stm32f4xx_rtc.o
 .ARM.attributes
                0x000007e8       0x37 obj/libs/STM32F4xx_StdPeriph_Driver/src/stm32f4xx_sdio.o
 .ARM.attributes
                0x0000081f       0x37 obj/libs/STM32F4xx_StdPeriph_Driver/src/stm32f4xx_spi.o
 .ARM.attributes
                0x00000856       0x37 obj/libs/STM32F4xx_StdPeriph_Driver/src/stm32f4xx_syscfg.o
 .ARM.attributes
                0x0000088d       0x37 obj/libs/STM32F4xx_StdPeriph_Driver/src/stm32f4xx_tim.o
 .ARM.attributes
                0x000008c4       0x37 obj/libs/STM32F4xx_StdPeriph_Driver/src/stm32f4xx_usart.o
 .ARM.attributes
                0x000008fb       0x37 obj/libs/STM32F4xx_StdPeriph_Driver/src/stm32f4xx_wwdg.o
 .ARM.attributes
                0x00000932       0x29 /home/chetanpatil/CodeSourcery/Sourcery_G++_Lite/bin/../lib/gcc/arm-none-eabi/4.5.2/../../../../arm-none-eabi/lib/thumb2/libc.a(lib_a-init.o)
 .ARM.attributes
                0x0000095b       0x29 /home/chetanpatil/CodeSourcery/Sourcery_G++_Lite/bin/../lib/gcc/arm-none-eabi/4.5.2/../../../../arm-none-eabi/lib/thumb2/libc.a(lib_a-malloc.o)
 .ARM.attributes
                0x00000984       0x29 /home/chetanpatil/CodeSourcery/Sourcery_G++_Lite/bin/../lib/gcc/arm-none-eabi/4.5.2/../../../../arm-none-eabi/lib/thumb2/libc.a(lib_a-mallocr.o)
 .ARM.attributes
                0x000009ad       0x29 /home/chetanpatil/CodeSourcery/Sourcery_G++_Lite/bin/../lib/gcc/arm-none-eabi/4.5.2/../../../../arm-none-eabi/lib/thumb2/libc.a(lib_a-memcpy.o)
 .ARM.attributes
                0x000009d6       0x29 /home/chetanpatil/CodeSourcery/Sourcery_G++_Lite/bin/../lib/gcc/arm-none-eabi/4.5.2/../../../../arm-none-eabi/lib/thumb2/libc.a(lib_a-memset.o)
 .ARM.attributes
                0x000009ff       0x29 /home/chetanpatil/CodeSourcery/Sourcery_G++_Lite/bin/../lib/gcc/arm-none-eabi/4.5.2/../../../../arm-none-eabi/lib/thumb2/libc.a(lib_a-sprintf.o)
 .ARM.attributes
                0x00000a28       0x29 /home/chetanpatil/CodeSourcery/Sourcery_G++_Lite/bin/../lib/gcc/arm-none-eabi/4.5.2/../../../../arm-none-eabi/lib/thumb2/libc.a(lib_a-strcat.o)
 .ARM.attributes
                0x00000a51       0x29 /home/chetanpatil/CodeSourcery/Sourcery_G++_Lite/bin/../lib/gcc/arm-none-eabi/4.5.2/../../../../arm-none-eabi/lib/thumb2/libc.a(lib_a-strcpy.o)
 .ARM.attributes
                0x00000a7a       0x29 /home/chetanpatil/CodeSourcery/Sourcery_G++_Lite/bin/../lib/gcc/arm-none-eabi/4.5.2/../../../../arm-none-eabi/lib/thumb2/libc.a(lib_a-strlen.o)
 .ARM.attributes
                0x00000aa3       0x29 /home/chetanpatil/CodeSourcery/Sourcery_G++_Lite/bin/../lib/gcc/arm-none-eabi/4.5.2/../../../../arm-none-eabi/lib/thumb2/libc.a(lib_a-strncpy.o)
 .ARM.attributes
                0x00000acc       0x29 /home/chetanpatil/CodeSourcery/Sourcery_G++_Lite/bin/../lib/gcc/arm-none-eabi/4.5.2/../../../../arm-none-eabi/lib/thumb2/libc.a(lib_a-svfprintf.o)
 .ARM.attributes
                0x00000af5       0x29 /home/chetanpatil/CodeSourcery/Sourcery_G++_Lite/bin/../lib/gcc/arm-none-eabi/4.5.2/../../../../arm-none-eabi/lib/thumb2/libc.a(lib_a-dtoa.o)
 .ARM.attributes
                0x00000b1e       0x29 /home/chetanpatil/CodeSourcery/Sourcery_G++_Lite/bin/../lib/gcc/arm-none-eabi/4.5.2/../../../../arm-none-eabi/lib/thumb2/libc.a(lib_a-freer.o)
 .ARM.attributes
                0x00000b47       0x29 /home/chetanpatil/CodeSourcery/Sourcery_G++_Lite/bin/../lib/gcc/arm-none-eabi/4.5.2/../../../../arm-none-eabi/lib/thumb2/libc.a(lib_a-impure.o)
 .ARM.attributes
                0x00000b70       0x29 /home/chetanpatil/CodeSourcery/Sourcery_G++_Lite/bin/../lib/gcc/arm-none-eabi/4.5.2/../../../../arm-none-eabi/lib/thumb2/libc.a(lib_a-locale.o)
 .ARM.attributes
                0x00000b99       0x29 /home/chetanpatil/CodeSourcery/Sourcery_G++_Lite/bin/../lib/gcc/arm-none-eabi/4.5.2/../../../../arm-none-eabi/lib/thumb2/libc.a(lib_a-memchr.o)
 .ARM.attributes
                0x00000bc2       0x29 /home/chetanpatil/CodeSourcery/Sourcery_G++_Lite/bin/../lib/gcc/arm-none-eabi/4.5.2/../../../../arm-none-eabi/lib/thumb2/libc.a(lib_a-mprec.o)
 .ARM.attributes
                0x00000beb       0x29 /home/chetanpatil/CodeSourcery/Sourcery_G++_Lite/bin/../lib/gcc/arm-none-eabi/4.5.2/../../../../arm-none-eabi/lib/thumb2/libc.a(lib_a-s_fpclassify.o)
 .ARM.attributes
                0x00000c14       0x29 /home/chetanpatil/CodeSourcery/Sourcery_G++_Lite/bin/../lib/gcc/arm-none-eabi/4.5.2/../../../../arm-none-eabi/lib/thumb2/libc.a(lib_a-strcmp.o)
 .ARM.attributes
                0x00000c3d       0x29 /home/chetanpatil/CodeSourcery/Sourcery_G++_Lite/bin/../lib/gcc/arm-none-eabi/4.5.2/../../../../arm-none-eabi/lib/thumb2/libc.a(lib_a-svfiprintf.o)
 .ARM.attributes
                0x00000c66       0x29 /home/chetanpatil/CodeSourcery/Sourcery_G++_Lite/bin/../lib/gcc/arm-none-eabi/4.5.2/../../../../arm-none-eabi/lib/thumb2/libc.a(lib_a-callocr.o)
 .ARM.attributes
                0x00000c8f       0x29 /home/chetanpatil/CodeSourcery/Sourcery_G++_Lite/bin/../lib/gcc/arm-none-eabi/4.5.2/../../../../arm-none-eabi/lib/thumb2/libc.a(lib_a-memmove.o)
 .ARM.attributes
                0x00000cb8       0x29 /home/chetanpatil/CodeSourcery/Sourcery_G++_Lite/bin/../lib/gcc/arm-none-eabi/4.5.2/../../../../arm-none-eabi/lib/thumb2/libc.a(lib_a-reallocr.o)
 .ARM.attributes
                0x00000ce1       0x1b /home/chetanpatil/CodeSourcery/Sourcery_G++_Lite/bin/../lib/gcc/arm-none-eabi/4.5.2/thumb2/libgcc.a(_udivsi3.o)
 .ARM.attributes
                0x00000cfc       0x1b /home/chetanpatil/CodeSourcery/Sourcery_G++_Lite/bin/../lib/gcc/arm-none-eabi/4.5.2/thumb2/libgcc.a(_dvmd_tls.o)
 .ARM.attributes
                0x00000d17       0x1b /home/chetanpatil/CodeSourcery/Sourcery_G++_Lite/bin/../lib/gcc/arm-none-eabi/4.5.2/thumb2/libgcc.a(_arm_addsubdf3.o)
 .ARM.attributes
                0x00000d32       0x1b /home/chetanpatil/CodeSourcery/Sourcery_G++_Lite/bin/../lib/gcc/arm-none-eabi/4.5.2/thumb2/libgcc.a(_arm_muldivdf3.o)
 .ARM.attributes
                0x00000d4d       0x1b /home/chetanpatil/CodeSourcery/Sourcery_G++_Lite/bin/../lib/gcc/arm-none-eabi/4.5.2/thumb2/libgcc.a(_arm_cmpdf2.o)
 .ARM.attributes
                0x00000d68       0x1b /home/chetanpatil/CodeSourcery/Sourcery_G++_Lite/bin/../lib/gcc/arm-none-eabi/4.5.2/thumb2/libgcc.a(_arm_fixdfsi.o)
 .ARM.attributes
                0x00000d83       0x1b /home/chetanpatil/CodeSourcery/Sourcery_G++_Lite/bin/../lib/gcc/arm-none-eabi/4.5.2/thumb2/libgcc.a(_aeabi_uldivmod.o)
 .ARM.attributes
                0x00000d9e       0x29 /home/chetanpatil/CodeSourcery/Sourcery_G++_Lite/bin/../lib/gcc/arm-none-eabi/4.5.2/thumb2/libgcc.a(bpabi.o)
 .ARM.attributes
                0x00000dc7       0x29 /home/chetanpatil/CodeSourcery/Sourcery_G++_Lite/bin/../lib/gcc/arm-none-eabi/4.5.2/thumb2/libgcc.a(_divdi3.o)
 .ARM.attributes
                0x00000df0       0x29 /home/chetanpatil/CodeSourcery/Sourcery_G++_Lite/bin/../lib/gcc/arm-none-eabi/4.5.2/thumb2/libgcc.a(_udivdi3.o)
 .ARM.attributes
                0x00000e19       0x29 /home/chetanpatil/CodeSourcery/Sourcery_G++_Lite/bin/../lib/gcc/arm-none-eabi/4.5.2/thumb2/crtend.o
 .ARM.attributes
                0x00000e42       0x19 /home/chetanpatil/CodeSourcery/Sourcery_G++_Lite/bin/../lib/gcc/arm-none-eabi/4.5.2/thumb2/crtn.o
OUTPUT(obj/STM32F4_Test.elf elf32-littlearm)

.debug_abbrev   0x00000000     0x3a35
 .debug_abbrev  0x00000000      0x220 obj/src/uart.o
 .debug_abbrev  0x00000220      0x11d obj/src/ustime.o
 .debug_abbrev  0x0000033d      0x16d obj/src/main.o
 .debug_abbrev  0x000004aa      0x142 obj/src/system_stm32f4xx.o
 .debug_abbrev  0x000005ec      0x20f obj/src/syscalls.o
 .debug_abbrev  0x000007fb      0x1d6 obj/FreeRTOS/Source/tasks.o
 .debug_abbrev  0x000009d1      0x13c obj/FreeRTOS/Source/queue.o
 .debug_abbrev  0x00000b0d       0xb4 obj/FreeRTOS/Source/list.o
 .debug_abbrev  0x00000bc1      0x199 obj/FreeRTOS/Source/croutine.o
 .debug_abbrev  0x00000d5a      0x186 obj/FreeRTOS/Source/portable/GCC/ARM_CM4F/port.o
 .debug_abbrev  0x00000ee0      0x128 obj/libs/STM32F4xx_StdPeriph_Driver/src/misc.o
 .debug_abbrev  0x00001008      0x18b obj/libs/STM32F4xx_StdPeriph_Driver/src/stm32f4xx_adc.o
 .debug_abbrev  0x00001193      0x1ae obj/libs/STM32F4xx_StdPeriph_Driver/src/stm32f4xx_can.o
 .debug_abbrev  0x00001341      0x10c obj/libs/STM32F4xx_StdPeriph_Driver/src/stm32f4xx_crc.o
 .debug_abbrev  0x0000144d      0x182 obj/libs/STM32F4xx_StdPeriph_Driver/src/stm32f4xx_cryp.o
 .debug_abbrev  0x000015cf      0x1d4 obj/libs/STM32F4xx_StdPeriph_Driver/src/stm32f4xx_cryp_aes.o
 .debug_abbrev  0x000017a3      0x15f obj/libs/STM32F4xx_StdPeriph_Driver/src/stm32f4xx_cryp_des.o
 .debug_abbrev  0x00001902      0x15f obj/libs/STM32F4xx_StdPeriph_Driver/src/stm32f4xx_cryp_tdes.o
 .debug_abbrev  0x00001a61      0x174 obj/libs/STM32F4xx_StdPeriph_Driver/src/stm32f4xx_dac.o
 .debug_abbrev  0x00001bd5       0xdc obj/libs/STM32F4xx_StdPeriph_Driver/src/stm32f4xx_dbgmcu.o
 .debug_abbrev  0x00001cb1      0x17c obj/libs/STM32F4xx_StdPeriph_Driver/src/stm32f4xx_dcmi.o
 .debug_abbrev  0x00001e2d      0x150 obj/libs/STM32F4xx_StdPeriph_Driver/src/stm32f4xx_dma.o
 .debug_abbrev  0x00001f7d      0x19a obj/libs/STM32F4xx_StdPeriph_Driver/src/stm32f4xx_exti.o
 .debug_abbrev  0x00002117      0x16a obj/libs/STM32F4xx_StdPeriph_Driver/src/stm32f4xx_flash.o
 .debug_abbrev  0x00002281      0x168 obj/libs/STM32F4xx_StdPeriph_Driver/src/stm32f4xx_fsmc.o
 .debug_abbrev  0x000023e9      0x184 obj/libs/STM32F4xx_StdPeriph_Driver/src/stm32f4xx_gpio.o
 .debug_abbrev  0x0000256d      0x1a3 obj/libs/STM32F4xx_StdPeriph_Driver/src/stm32f4xx_hash.o
 .debug_abbrev  0x00002710      0x191 obj/libs/STM32F4xx_StdPeriph_Driver/src/stm32f4xx_hash_md5.o
 .debug_abbrev  0x000028a1      0x191 obj/libs/STM32F4xx_StdPeriph_Driver/src/stm32f4xx_hash_sha1.o
 .debug_abbrev  0x00002a32      0x15f obj/libs/STM32F4xx_StdPeriph_Driver/src/stm32f4xx_i2c.o
 .debug_abbrev  0x00002b91       0xfc obj/libs/STM32F4xx_StdPeriph_Driver/src/stm32f4xx_iwdg.o
 .debug_abbrev  0x00002c8d      0x177 obj/libs/STM32F4xx_StdPeriph_Driver/src/stm32f4xx_pwr.o
 .debug_abbrev  0x00002e04      0x1b9 obj/libs/STM32F4xx_StdPeriph_Driver/src/stm32f4xx_rcc.o
 .debug_abbrev  0x00002fbd      0x139 obj/libs/STM32F4xx_StdPeriph_Driver/src/stm32f4xx_rng.o
 .debug_abbrev  0x000030f6      0x16d obj/libs/STM32F4xx_StdPeriph_Driver/src/stm32f4xx_rtc.o
 .debug_abbrev  0x00003263      0x16f obj/libs/STM32F4xx_StdPeriph_Driver/src/stm32f4xx_sdio.o
 .debug_abbrev  0x000033d2      0x162 obj/libs/STM32F4xx_StdPeriph_Driver/src/stm32f4xx_spi.o
 .debug_abbrev  0x00003534      0x12c obj/libs/STM32F4xx_StdPeriph_Driver/src/stm32f4xx_syscfg.o
 .debug_abbrev  0x00003660      0x165 obj/libs/STM32F4xx_StdPeriph_Driver/src/stm32f4xx_tim.o
 .debug_abbrev  0x000037c5      0x150 obj/libs/STM32F4xx_StdPeriph_Driver/src/stm32f4xx_usart.o
 .debug_abbrev  0x00003915      0x120 obj/libs/STM32F4xx_StdPeriph_Driver/src/stm32f4xx_wwdg.o

.debug_info     0x00000000    0x15580
 .debug_info    0x00000000     0x135e obj/src/uart.o
 .debug_info    0x0000135e      0x610 obj/src/ustime.o
 .debug_info    0x0000196e      0x6f7 obj/src/main.o
 .debug_info    0x00002065      0x621 obj/src/system_stm32f4xx.o
 .debug_info    0x00002686      0xe05 obj/src/syscalls.o
 .debug_info    0x0000348b     0x11e9 obj/FreeRTOS/Source/tasks.o
 .debug_info    0x00004674      0x78f obj/FreeRTOS/Source/queue.o
 .debug_info    0x00004e03      0x2da obj/FreeRTOS/Source/list.o
 .debug_info    0x000050dd      0x4fb obj/FreeRTOS/Source/croutine.o
 .debug_info    0x000055d8      0x25d obj/FreeRTOS/Source/portable/GCC/ARM_CM4F/port.o
 .debug_info    0x00005835      0x598 obj/libs/STM32F4xx_StdPeriph_Driver/src/misc.o
 .debug_info    0x00005dcd      0xcf9 obj/libs/STM32F4xx_StdPeriph_Driver/src/stm32f4xx_adc.o
 .debug_info    0x00006ac6      0xc66 obj/libs/STM32F4xx_StdPeriph_Driver/src/stm32f4xx_can.o
 .debug_info    0x0000772c      0x20f obj/libs/STM32F4xx_StdPeriph_Driver/src/stm32f4xx_crc.o
 .debug_info    0x0000793b      0x7a2 obj/libs/STM32F4xx_StdPeriph_Driver/src/stm32f4xx_cryp.o
 .debug_info    0x000080dd     0x1168 obj/libs/STM32F4xx_StdPeriph_Driver/src/stm32f4xx_cryp_aes.o
 .debug_info    0x00009245      0x564 obj/libs/STM32F4xx_StdPeriph_Driver/src/stm32f4xx_cryp_des.o
 .debug_info    0x000097a9      0x6e3 obj/libs/STM32F4xx_StdPeriph_Driver/src/stm32f4xx_cryp_tdes.o
 .debug_info    0x00009e8c      0x687 obj/libs/STM32F4xx_StdPeriph_Driver/src/stm32f4xx_dac.o
 .debug_info    0x0000a513      0x1f3 obj/libs/STM32F4xx_StdPeriph_Driver/src/stm32f4xx_dbgmcu.o
 .debug_info    0x0000a706      0x5a1 obj/libs/STM32F4xx_StdPeriph_Driver/src/stm32f4xx_dcmi.o
 .debug_info    0x0000aca7      0x7a7 obj/libs/STM32F4xx_StdPeriph_Driver/src/stm32f4xx_dma.o
 .debug_info    0x0000b44e      0x376 obj/libs/STM32F4xx_StdPeriph_Driver/src/stm32f4xx_exti.o
 .debug_info    0x0000b7c4      0x778 obj/libs/STM32F4xx_StdPeriph_Driver/src/stm32f4xx_flash.o
 .debug_info    0x0000bf3c      0x9a9 obj/libs/STM32F4xx_StdPeriph_Driver/src/stm32f4xx_fsmc.o
 .debug_info    0x0000c8e5      0x63d obj/libs/STM32F4xx_StdPeriph_Driver/src/stm32f4xx_gpio.o
 .debug_info    0x0000cf22      0x58a obj/libs/STM32F4xx_StdPeriph_Driver/src/stm32f4xx_hash.o
 .debug_info    0x0000d4ac      0x4ed obj/libs/STM32F4xx_StdPeriph_Driver/src/stm32f4xx_hash_md5.o
 .debug_info    0x0000d999      0x54e obj/libs/STM32F4xx_StdPeriph_Driver/src/stm32f4xx_hash_sha1.o
 .debug_info    0x0000dee7      0xb95 obj/libs/STM32F4xx_StdPeriph_Driver/src/stm32f4xx_i2c.o
 .debug_info    0x0000ea7c      0x20f obj/libs/STM32F4xx_StdPeriph_Driver/src/stm32f4xx_iwdg.o
 .debug_info    0x0000ec8b      0x542 obj/libs/STM32F4xx_StdPeriph_Driver/src/stm32f4xx_pwr.o
 .debug_info    0x0000f1cd      0xd28 obj/libs/STM32F4xx_StdPeriph_Driver/src/stm32f4xx_rcc.o
 .debug_info    0x0000fef5      0x295 obj/libs/STM32F4xx_StdPeriph_Driver/src/stm32f4xx_rng.o
 .debug_info    0x0001018a     0x1227 obj/libs/STM32F4xx_StdPeriph_Driver/src/stm32f4xx_rtc.o
 .debug_info    0x000113b1      0x8a8 obj/libs/STM32F4xx_StdPeriph_Driver/src/stm32f4xx_sdio.o
 .debug_info    0x00011c59      0xbd0 obj/libs/STM32F4xx_StdPeriph_Driver/src/stm32f4xx_spi.o
 .debug_info    0x00012829      0x27e obj/libs/STM32F4xx_StdPeriph_Driver/src/stm32f4xx_syscfg.o
 .debug_info    0x00012aa7     0x1e2c obj/libs/STM32F4xx_StdPeriph_Driver/src/stm32f4xx_tim.o
 .debug_info    0x000148d3      0xa53 obj/libs/STM32F4xx_StdPeriph_Driver/src/stm32f4xx_usart.o
 .debug_info    0x00015326      0x25a obj/libs/STM32F4xx_StdPeriph_Driver/src/stm32f4xx_wwdg.o

.debug_line     0x00000000     0x8888
 .debug_line    0x00000000      0x36d obj/src/uart.o
 .debug_line    0x0000036d      0x18b obj/src/ustime.o
 .debug_line    0x000004f8      0x1c4 obj/src/main.o
 .debug_line    0x000006bc      0x1a7 obj/src/system_stm32f4xx.o
 .debug_line    0x00000863      0x309 obj/src/syscalls.o
 .debug_line    0x00000b6c      0x833 obj/FreeRTOS/Source/tasks.o
 .debug_line    0x0000139f      0x3f1 obj/FreeRTOS/Source/queue.o
 .debug_line    0x00001790      0x1c9 obj/FreeRTOS/Source/list.o
 .debug_line    0x00001959      0x295 obj/FreeRTOS/Source/croutine.o
 .debug_line    0x00001bee      0x283 obj/FreeRTOS/Source/portable/GCC/ARM_CM4F/port.o
 .debug_line    0x00001e71      0x1b5 obj/libs/STM32F4xx_StdPeriph_Driver/src/misc.o
 .debug_line    0x00002026      0x4c4 obj/libs/STM32F4xx_StdPeriph_Driver/src/stm32f4xx_adc.o
 .debug_line    0x000024ea      0x4dc obj/libs/STM32F4xx_StdPeriph_Driver/src/stm32f4xx_can.o
 .debug_line    0x000029c6      0x1a2 obj/libs/STM32F4xx_StdPeriph_Driver/src/stm32f4xx_crc.o
 .debug_line    0x00002b68      0x304 obj/libs/STM32F4xx_StdPeriph_Driver/src/stm32f4xx_cryp.o
 .debug_line    0x00002e6c      0x626 obj/libs/STM32F4xx_StdPeriph_Driver/src/stm32f4xx_cryp_aes.o
 .debug_line    0x00003492      0x26c obj/libs/STM32F4xx_StdPeriph_Driver/src/stm32f4xx_cryp_des.o
 .debug_line    0x000036fe      0x2e5 obj/libs/STM32F4xx_StdPeriph_Driver/src/stm32f4xx_cryp_tdes.o
 .debug_line    0x000039e3      0x2c8 obj/libs/STM32F4xx_StdPeriph_Driver/src/stm32f4xx_dac.o
 .debug_line    0x00003cab      0x185 obj/libs/STM32F4xx_StdPeriph_Driver/src/stm32f4xx_dbgmcu.o
 .debug_line    0x00003e30      0x2af obj/libs/STM32F4xx_StdPeriph_Driver/src/stm32f4xx_dcmi.o
 .debug_line    0x000040df      0x34b obj/libs/STM32F4xx_StdPeriph_Driver/src/stm32f4xx_dma.o
 .debug_line    0x0000442a      0x215 obj/libs/STM32F4xx_StdPeriph_Driver/src/stm32f4xx_exti.o
 .debug_line    0x0000463f      0x3fb obj/libs/STM32F4xx_StdPeriph_Driver/src/stm32f4xx_flash.o
 .debug_line    0x00004a3a      0x3c4 obj/libs/STM32F4xx_StdPeriph_Driver/src/stm32f4xx_fsmc.o
 .debug_line    0x00004dfe      0x2af obj/libs/STM32F4xx_StdPeriph_Driver/src/stm32f4xx_gpio.o
 .debug_line    0x000050ad      0x2df obj/libs/STM32F4xx_StdPeriph_Driver/src/stm32f4xx_hash.o
 .debug_line    0x0000538c      0x2d6 obj/libs/STM32F4xx_StdPeriph_Driver/src/stm32f4xx_hash_md5.o
 .debug_line    0x00005662      0x2f1 obj/libs/STM32F4xx_StdPeriph_Driver/src/stm32f4xx_hash_sha1.o
 .debug_line    0x00005953      0x44c obj/libs/STM32F4xx_StdPeriph_Driver/src/stm32f4xx_i2c.o
 .debug_line    0x00005d9f      0x195 obj/libs/STM32F4xx_StdPeriph_Driver/src/stm32f4xx_iwdg.o
 .debug_line    0x00005f34      0x239 obj/libs/STM32F4xx_StdPeriph_Driver/src/stm32f4xx_pwr.o
 .debug_line    0x0000616d      0x50b obj/libs/STM32F4xx_StdPeriph_Driver/src/stm32f4xx_rcc.o
 .debug_line    0x00006678      0x1c1 obj/libs/STM32F4xx_StdPeriph_Driver/src/stm32f4xx_rng.o
 .debug_line    0x00006839      0x780 obj/libs/STM32F4xx_StdPeriph_Driver/src/stm32f4xx_rtc.o
 .debug_line    0x00006fb9      0x3b4 obj/libs/STM32F4xx_StdPeriph_Driver/src/stm32f4xx_sdio.o
 .debug_line    0x0000736d      0x3c3 obj/libs/STM32F4xx_StdPeriph_Driver/src/stm32f4xx_spi.o
 .debug_line    0x00007730      0x19d obj/libs/STM32F4xx_StdPeriph_Driver/src/stm32f4xx_syscfg.o
 .debug_line    0x000078cd      0x9e9 obj/libs/STM32F4xx_StdPeriph_Driver/src/stm32f4xx_tim.o
 .debug_line    0x000082b6      0x412 obj/libs/STM32F4xx_StdPeriph_Driver/src/stm32f4xx_usart.o
 .debug_line    0x000086c8      0x1c0 obj/libs/STM32F4xx_StdPeriph_Driver/src/stm32f4xx_wwdg.o

.debug_loc      0x00000000     0x971a
 .debug_loc     0x00000000      0x1b4 obj/src/uart.o
 .debug_loc     0x000001b4       0xe0 obj/src/ustime.o
 .debug_loc     0x00000294       0xaa obj/src/main.o
 .debug_loc     0x0000033e       0x9c obj/src/system_stm32f4xx.o
 .debug_loc     0x000003da      0x2a0 obj/src/syscalls.o
 .debug_loc     0x0000067a      0x8f6 obj/FreeRTOS/Source/tasks.o
 .debug_loc     0x00000f70      0x380 obj/FreeRTOS/Source/queue.o
 .debug_loc     0x000012f0      0x118 obj/FreeRTOS/Source/list.o
 .debug_loc     0x00001408      0x188 obj/FreeRTOS/Source/croutine.o
 .debug_loc     0x00001590      0x178 obj/FreeRTOS/Source/portable/GCC/ARM_CM4F/port.o
 .debug_loc     0x00001708      0x118 obj/libs/STM32F4xx_StdPeriph_Driver/src/misc.o
 .debug_loc     0x00001820      0x838 obj/libs/STM32F4xx_StdPeriph_Driver/src/stm32f4xx_adc.o
 .debug_loc     0x00002058      0x578 obj/libs/STM32F4xx_StdPeriph_Driver/src/stm32f4xx_can.o
 .debug_loc     0x000025d0      0x12c obj/libs/STM32F4xx_StdPeriph_Driver/src/stm32f4xx_crc.o
 .debug_loc     0x000026fc      0x394 obj/libs/STM32F4xx_StdPeriph_Driver/src/stm32f4xx_cryp.o
 .debug_loc     0x00002a90       0xae obj/libs/STM32F4xx_StdPeriph_Driver/src/stm32f4xx_cryp_aes.o
 .debug_loc     0x00002b3e       0x74 obj/libs/STM32F4xx_StdPeriph_Driver/src/stm32f4xx_cryp_des.o
 .debug_loc     0x00002bb2       0x74 obj/libs/STM32F4xx_StdPeriph_Driver/src/stm32f4xx_cryp_tdes.o
 .debug_loc     0x00002c26      0x3ac obj/libs/STM32F4xx_StdPeriph_Driver/src/stm32f4xx_dac.o
 .debug_loc     0x00002fd2      0x100 obj/libs/STM32F4xx_StdPeriph_Driver/src/stm32f4xx_dbgmcu.o
 .debug_loc     0x000030d2      0x330 obj/libs/STM32F4xx_StdPeriph_Driver/src/stm32f4xx_dcmi.o
 .debug_loc     0x00003402      0x428 obj/libs/STM32F4xx_StdPeriph_Driver/src/stm32f4xx_dma.o
 .debug_loc     0x0000382a      0x1b4 obj/libs/STM32F4xx_StdPeriph_Driver/src/stm32f4xx_exti.o
 .debug_loc     0x000039de      0x624 obj/libs/STM32F4xx_StdPeriph_Driver/src/stm32f4xx_flash.o
 .debug_loc     0x00004002      0x41c obj/libs/STM32F4xx_StdPeriph_Driver/src/stm32f4xx_fsmc.o
 .debug_loc     0x0000441e      0x310 obj/libs/STM32F4xx_StdPeriph_Driver/src/stm32f4xx_gpio.o
 .debug_loc     0x0000472e      0x388 obj/libs/STM32F4xx_StdPeriph_Driver/src/stm32f4xx_hash.o
 .debug_loc     0x00004ab6       0x74 obj/libs/STM32F4xx_StdPeriph_Driver/src/stm32f4xx_hash_md5.o
 .debug_loc     0x00004b2a       0x74 obj/libs/STM32F4xx_StdPeriph_Driver/src/stm32f4xx_hash_sha1.o
 .debug_loc     0x00004b9e      0x738 obj/libs/STM32F4xx_StdPeriph_Driver/src/stm32f4xx_i2c.o
 .debug_loc     0x000052d6      0x138 obj/libs/STM32F4xx_StdPeriph_Driver/src/stm32f4xx_iwdg.o
 .debug_loc     0x0000540e      0x288 obj/libs/STM32F4xx_StdPeriph_Driver/src/stm32f4xx_pwr.o
 .debug_loc     0x00005696      0x97c obj/libs/STM32F4xx_StdPeriph_Driver/src/stm32f4xx_rcc.o
 .debug_loc     0x00006012      0x1a8 obj/libs/STM32F4xx_StdPeriph_Driver/src/stm32f4xx_rng.o
 .debug_loc     0x000061ba      0xc48 obj/libs/STM32F4xx_StdPeriph_Driver/src/stm32f4xx_rtc.o
 .debug_loc     0x00006e02      0x648 obj/libs/STM32F4xx_StdPeriph_Driver/src/stm32f4xx_sdio.o
 .debug_loc     0x0000744a      0x578 obj/libs/STM32F4xx_StdPeriph_Driver/src/stm32f4xx_spi.o
 .debug_loc     0x000079c2      0x144 obj/libs/STM32F4xx_StdPeriph_Driver/src/stm32f4xx_syscfg.o
 .debug_loc     0x00007b06     0x1420 obj/libs/STM32F4xx_StdPeriph_Driver/src/stm32f4xx_tim.o
 .debug_loc     0x00008f26      0x658 obj/libs/STM32F4xx_StdPeriph_Driver/src/stm32f4xx_usart.o
 .debug_loc     0x0000957e      0x19c obj/libs/STM32F4xx_StdPeriph_Driver/src/stm32f4xx_wwdg.o

.debug_pubnames
                0x00000000     0x3df1
 .debug_pubnames
                0x00000000       0x7f obj/src/uart.o
 .debug_pubnames
                0x0000007f       0x4e obj/src/ustime.o
 .debug_pubnames
                0x000000cd       0x41 obj/src/main.o
 .debug_pubnames
                0x0000010e       0x61 obj/src/system_stm32f4xx.o
 .debug_pubnames
                0x0000016f       0xd7 obj/src/syscalls.o
 .debug_pubnames
                0x00000246      0x33e obj/FreeRTOS/Source/tasks.o
 .debug_pubnames
                0x00000584      0x127 obj/FreeRTOS/Source/queue.o
 .debug_pubnames
                0x000006ab       0x71 obj/FreeRTOS/Source/list.o
 .debug_pubnames
                0x0000071c       0x96 obj/FreeRTOS/Source/croutine.o
 .debug_pubnames
                0x000007b2       0xe9 obj/FreeRTOS/Source/portable/GCC/ARM_CM4F/port.o
 .debug_pubnames
                0x0000089b       0x89 obj/libs/STM32F4xx_StdPeriph_Driver/src/misc.o
 .debug_pubnames
                0x00000924      0x446 obj/libs/STM32F4xx_StdPeriph_Driver/src/stm32f4xx_adc.o
 .debug_pubnames
                0x00000d6a      0x208 obj/libs/STM32F4xx_StdPeriph_Driver/src/stm32f4xx_can.o
 .debug_pubnames
                0x00000f72       0x82 obj/libs/STM32F4xx_StdPeriph_Driver/src/stm32f4xx_crc.o
 .debug_pubnames
                0x00000ff4      0x14e obj/libs/STM32F4xx_StdPeriph_Driver/src/stm32f4xx_cryp.o
 .debug_pubnames
                0x00001142       0x45 obj/libs/STM32F4xx_StdPeriph_Driver/src/stm32f4xx_cryp_aes.o
 .debug_pubnames
                0x00001187       0x34 obj/libs/STM32F4xx_StdPeriph_Driver/src/stm32f4xx_cryp_des.o
 .debug_pubnames
                0x000011bb       0x36 obj/libs/STM32F4xx_StdPeriph_Driver/src/stm32f4xx_cryp_tdes.o
 .debug_pubnames
                0x000011f1      0x17d obj/libs/STM32F4xx_StdPeriph_Driver/src/stm32f4xx_dac.o
 .debug_pubnames
                0x0000136e       0x84 obj/libs/STM32F4xx_StdPeriph_Driver/src/stm32f4xx_dbgmcu.o
 .debug_pubnames
                0x000013f2      0x13a obj/libs/STM32F4xx_StdPeriph_Driver/src/stm32f4xx_dcmi.o
 .debug_pubnames
                0x0000152c      0x1c9 obj/libs/STM32F4xx_StdPeriph_Driver/src/stm32f4xx_dma.o
 .debug_pubnames
                0x000016f5       0xbb obj/libs/STM32F4xx_StdPeriph_Driver/src/stm32f4xx_exti.o
 .debug_pubnames
                0x000017b0      0x2bd obj/libs/STM32F4xx_StdPeriph_Driver/src/stm32f4xx_flash.o
 .debug_pubnames
                0x00001a6d      0x1a3 obj/libs/STM32F4xx_StdPeriph_Driver/src/stm32f4xx_fsmc.o
 .debug_pubnames
                0x00001c10      0x12d obj/libs/STM32F4xx_StdPeriph_Driver/src/stm32f4xx_gpio.o
 .debug_pubnames
                0x00001d3d      0x170 obj/libs/STM32F4xx_StdPeriph_Driver/src/stm32f4xx_hash.o
 .debug_pubnames
                0x00001ead       0x2c obj/libs/STM32F4xx_StdPeriph_Driver/src/stm32f4xx_hash_md5.o
 .debug_pubnames
                0x00001ed9       0x2e obj/libs/STM32F4xx_StdPeriph_Driver/src/stm32f4xx_hash_sha1.o
 .debug_pubnames
                0x00001f07      0x2cb obj/libs/STM32F4xx_StdPeriph_Driver/src/stm32f4xx_i2c.o
 .debug_pubnames
                0x000021d2       0x91 obj/libs/STM32F4xx_StdPeriph_Driver/src/stm32f4xx_iwdg.o
 .debug_pubnames
                0x00002263      0x11f obj/libs/STM32F4xx_StdPeriph_Driver/src/stm32f4xx_pwr.o
 .debug_pubnames
                0x00002382      0x417 obj/libs/STM32F4xx_StdPeriph_Driver/src/stm32f4xx_rcc.o
 .debug_pubnames
                0x00002799       0xac obj/libs/STM32F4xx_StdPeriph_Driver/src/stm32f4xx_rng.o
 .debug_pubnames
                0x00002845      0x514 obj/libs/STM32F4xx_StdPeriph_Driver/src/stm32f4xx_rtc.o
 .debug_pubnames
                0x00002d59      0x2ac obj/libs/STM32F4xx_StdPeriph_Driver/src/stm32f4xx_sdio.o
 .debug_pubnames
                0x00003005      0x221 obj/libs/STM32F4xx_StdPeriph_Driver/src/stm32f4xx_spi.o
 .debug_pubnames
                0x00003226       0xc3 obj/libs/STM32F4xx_StdPeriph_Driver/src/stm32f4xx_syscfg.o
 .debug_pubnames
                0x000032e9      0x7c4 obj/libs/STM32F4xx_StdPeriph_Driver/src/stm32f4xx_tim.o
 .debug_pubnames
                0x00003aad      0x294 obj/libs/STM32F4xx_StdPeriph_Driver/src/stm32f4xx_usart.o
 .debug_pubnames
                0x00003d41       0xb0 obj/libs/STM32F4xx_StdPeriph_Driver/src/stm32f4xx_wwdg.o

.debug_pubtypes
                0x00000000     0x1ecc
 .debug_pubtypes
                0x00000000      0x24f obj/src/uart.o
 .debug_pubtypes
                0x0000024f       0x7b obj/src/ustime.o
 .debug_pubtypes
                0x000002ca      0x13a obj/src/main.o
 .debug_pubtypes
                0x00000404       0x83 obj/src/system_stm32f4xx.o
 .debug_pubtypes
                0x00000487      0x1cf obj/src/syscalls.o
 .debug_pubtypes
                0x00000656      0x14a obj/FreeRTOS/Source/tasks.o
 .debug_pubtypes
                0x000007a0       0xe0 obj/FreeRTOS/Source/queue.o
 .debug_pubtypes
                0x00000880       0x86 obj/FreeRTOS/Source/list.o
 .debug_pubtypes
                0x00000906       0xd9 obj/FreeRTOS/Source/croutine.o
 .debug_pubtypes
                0x000009df       0x4c obj/FreeRTOS/Source/portable/GCC/ARM_CM4F/port.o
 .debug_pubtypes
                0x00000a2b       0x8c obj/libs/STM32F4xx_StdPeriph_Driver/src/misc.o
 .debug_pubtypes
                0x00000ab7       0xc9 obj/libs/STM32F4xx_StdPeriph_Driver/src/stm32f4xx_adc.o
 .debug_pubtypes
                0x00000b80      0x121 obj/libs/STM32F4xx_StdPeriph_Driver/src/stm32f4xx_can.o
 .debug_pubtypes
                0x00000ca1       0x54 obj/libs/STM32F4xx_StdPeriph_Driver/src/stm32f4xx_crc.o
 .debug_pubtypes
                0x00000cf5       0xea obj/libs/STM32F4xx_StdPeriph_Driver/src/stm32f4xx_cryp.o
 .debug_pubtypes
                0x00000ddf       0x98 obj/libs/STM32F4xx_StdPeriph_Driver/src/stm32f4xx_cryp_aes.o
 .debug_pubtypes
                0x00000e77       0x98 obj/libs/STM32F4xx_StdPeriph_Driver/src/stm32f4xx_cryp_des.o
 .debug_pubtypes
                0x00000f0f       0x98 obj/libs/STM32F4xx_StdPeriph_Driver/src/stm32f4xx_cryp_tdes.o
 .debug_pubtypes
                0x00000fa7       0x98 obj/libs/STM32F4xx_StdPeriph_Driver/src/stm32f4xx_dac.o
 .debug_pubtypes
                0x0000103f       0x52 obj/libs/STM32F4xx_StdPeriph_Driver/src/stm32f4xx_dbgmcu.o
 .debug_pubtypes
                0x00001091       0xcd obj/libs/STM32F4xx_StdPeriph_Driver/src/stm32f4xx_dcmi.o
 .debug_pubtypes
                0x0000115e       0xa3 obj/libs/STM32F4xx_StdPeriph_Driver/src/stm32f4xx_dma.o
 .debug_pubtypes
                0x00001201       0xae obj/libs/STM32F4xx_StdPeriph_Driver/src/stm32f4xx_exti.o
 .debug_pubtypes
                0x000012af       0x97 obj/libs/STM32F4xx_StdPeriph_Driver/src/stm32f4xx_flash.o
 .debug_pubtypes
                0x00001346      0x174 obj/libs/STM32F4xx_StdPeriph_Driver/src/stm32f4xx_fsmc.o
 .debug_pubtypes
                0x000014ba       0xce obj/libs/STM32F4xx_StdPeriph_Driver/src/stm32f4xx_gpio.o
 .debug_pubtypes
                0x00001588       0xbe obj/libs/STM32F4xx_StdPeriph_Driver/src/stm32f4xx_hash.o
 .debug_pubtypes
                0x00001646       0x7c obj/libs/STM32F4xx_StdPeriph_Driver/src/stm32f4xx_hash_md5.o
 .debug_pubtypes
                0x000016c2       0x7c obj/libs/STM32F4xx_StdPeriph_Driver/src/stm32f4xx_hash_sha1.o
 .debug_pubtypes
                0x0000173e       0xbe obj/libs/STM32F4xx_StdPeriph_Driver/src/stm32f4xx_i2c.o
 .debug_pubtypes
                0x000017fc       0x64 obj/libs/STM32F4xx_StdPeriph_Driver/src/stm32f4xx_iwdg.o
 .debug_pubtypes
                0x00001860       0x84 obj/libs/STM32F4xx_StdPeriph_Driver/src/stm32f4xx_pwr.o
 .debug_pubtypes
                0x000018e4       0xaa obj/libs/STM32F4xx_StdPeriph_Driver/src/stm32f4xx_rcc.o
 .debug_pubtypes
                0x0000198e       0x77 obj/libs/STM32F4xx_StdPeriph_Driver/src/stm32f4xx_rng.o
 .debug_pubtypes
                0x00001a05       0xd8 obj/libs/STM32F4xx_StdPeriph_Driver/src/stm32f4xx_rtc.o
 .debug_pubtypes
                0x00001add       0xbe obj/libs/STM32F4xx_StdPeriph_Driver/src/stm32f4xx_sdio.o
 .debug_pubtypes
                0x00001b9b       0xbc obj/libs/STM32F4xx_StdPeriph_Driver/src/stm32f4xx_spi.o
 .debug_pubtypes
                0x00001c57       0x6d obj/libs/STM32F4xx_StdPeriph_Driver/src/stm32f4xx_syscfg.o
 .debug_pubtypes
                0x00001cc4       0xe4 obj/libs/STM32F4xx_StdPeriph_Driver/src/stm32f4xx_tim.o
 .debug_pubtypes
                0x00001da8       0xcd obj/libs/STM32F4xx_StdPeriph_Driver/src/stm32f4xx_usart.o
 .debug_pubtypes
                0x00001e75       0x57 obj/libs/STM32F4xx_StdPeriph_Driver/src/stm32f4xx_wwdg.o

.debug_aranges  0x00000000     0x19f8
 .debug_aranges
                0x00000000       0x58 obj/src/uart.o
 .debug_aranges
                0x00000058       0x38 obj/src/ustime.o
 .debug_aranges
                0x00000090       0x30 obj/src/main.o
 .debug_aranges
                0x000000c0       0x30 obj/src/system_stm32f4xx.o
 .debug_aranges
                0x000000f0       0x78 obj/src/syscalls.o
 .debug_aranges
                0x00000168      0x168 obj/FreeRTOS/Source/tasks.o
 .debug_aranges
                0x000002d0       0x98 obj/FreeRTOS/Source/queue.o
 .debug_aranges
                0x00000368       0x40 obj/FreeRTOS/Source/list.o
 .debug_aranges
                0x000003a8       0x50 obj/FreeRTOS/Source/croutine.o
 .debug_aranges
                0x000003f8       0x78 obj/FreeRTOS/Source/portable/GCC/ARM_CM4F/port.o
 .debug_aranges
                0x00000470       0x40 obj/libs/STM32F4xx_StdPeriph_Driver/src/misc.o
 .debug_aranges
                0x000004b0      0x148 obj/libs/STM32F4xx_StdPeriph_Driver/src/stm32f4xx_adc.o
 .debug_aranges
                0x000005f8       0xe0 obj/libs/STM32F4xx_StdPeriph_Driver/src/stm32f4xx_can.o
 .debug_aranges
                0x000006d8       0x48 obj/libs/STM32F4xx_StdPeriph_Driver/src/stm32f4xx_crc.o
 .debug_aranges
                0x00000720       0xa0 obj/libs/STM32F4xx_StdPeriph_Driver/src/stm32f4xx_cryp.o
 .debug_aranges
                0x000007c0       0x30 obj/libs/STM32F4xx_StdPeriph_Driver/src/stm32f4xx_cryp_aes.o
 .debug_aranges
                0x000007f0       0x28 obj/libs/STM32F4xx_StdPeriph_Driver/src/stm32f4xx_cryp_des.o
 .debug_aranges
                0x00000818       0x28 obj/libs/STM32F4xx_StdPeriph_Driver/src/stm32f4xx_cryp_tdes.o
 .debug_aranges
                0x00000840       0xa0 obj/libs/STM32F4xx_StdPeriph_Driver/src/stm32f4xx_dac.o
 .debug_aranges
                0x000008e0       0x40 obj/libs/STM32F4xx_StdPeriph_Driver/src/stm32f4xx_dbgmcu.o
 .debug_aranges
                0x00000920       0x90 obj/libs/STM32F4xx_StdPeriph_Driver/src/stm32f4xx_dcmi.o
 .debug_aranges
                0x000009b0       0xb0 obj/libs/STM32F4xx_StdPeriph_Driver/src/stm32f4xx_dma.o
 .debug_aranges
                0x00000a60       0x58 obj/libs/STM32F4xx_StdPeriph_Driver/src/stm32f4xx_exti.o
 .debug_aranges
                0x00000ab8      0x108 obj/libs/STM32F4xx_StdPeriph_Driver/src/stm32f4xx_flash.o
 .debug_aranges
                0x00000bc0       0xb0 obj/libs/STM32F4xx_StdPeriph_Driver/src/stm32f4xx_fsmc.o
 .debug_aranges
                0x00000c70       0x88 obj/libs/STM32F4xx_StdPeriph_Driver/src/stm32f4xx_gpio.o
 .debug_aranges
                0x00000cf8       0xa0 obj/libs/STM32F4xx_StdPeriph_Driver/src/stm32f4xx_hash.o
 .debug_aranges
                0x00000d98       0x28 obj/libs/STM32F4xx_StdPeriph_Driver/src/stm32f4xx_hash_md5.o
 .debug_aranges
                0x00000dc0       0x28 obj/libs/STM32F4xx_StdPeriph_Driver/src/stm32f4xx_hash_sha1.o
 .debug_aranges
                0x00000de8      0x120 obj/libs/STM32F4xx_StdPeriph_Driver/src/stm32f4xx_i2c.o
 .debug_aranges
                0x00000f08       0x48 obj/libs/STM32F4xx_StdPeriph_Driver/src/stm32f4xx_iwdg.o
 .debug_aranges
                0x00000f50       0x78 obj/libs/STM32F4xx_StdPeriph_Driver/src/stm32f4xx_pwr.o
 .debug_aranges
                0x00000fc8      0x178 obj/libs/STM32F4xx_StdPeriph_Driver/src/stm32f4xx_rcc.o
 .debug_aranges
                0x00001140       0x58 obj/libs/STM32F4xx_StdPeriph_Driver/src/stm32f4xx_rng.o
 .debug_aranges
                0x00001198      0x1e0 obj/libs/STM32F4xx_StdPeriph_Driver/src/stm32f4xx_rtc.o
 .debug_aranges
                0x00001378      0x108 obj/libs/STM32F4xx_StdPeriph_Driver/src/stm32f4xx_sdio.o
 .debug_aranges
                0x00001480       0xe0 obj/libs/STM32F4xx_StdPeriph_Driver/src/stm32f4xx_spi.o
 .debug_aranges
                0x00001560       0x48 obj/libs/STM32F4xx_StdPeriph_Driver/src/stm32f4xx_syscfg.o
 .debug_aranges
                0x000015a8      0x2f8 obj/libs/STM32F4xx_StdPeriph_Driver/src/stm32f4xx_tim.o
 .debug_aranges
                0x000018a0      0x100 obj/libs/STM32F4xx_StdPeriph_Driver/src/stm32f4xx_usart.o
 .debug_aranges
                0x000019a0       0x58 obj/libs/STM32F4xx_StdPeriph_Driver/src/stm32f4xx_wwdg.o

.debug_ranges   0x00000000     0x1768
 .debug_ranges  0x00000000       0x48 obj/src/uart.o
 .debug_ranges  0x00000048       0x28 obj/src/ustime.o
 .debug_ranges  0x00000070       0x20 obj/src/main.o
 .debug_ranges  0x00000090       0x20 obj/src/system_stm32f4xx.o
 .debug_ranges  0x000000b0       0x68 obj/src/syscalls.o
 .debug_ranges  0x00000118      0x158 obj/FreeRTOS/Source/tasks.o
 .debug_ranges  0x00000270       0x88 obj/FreeRTOS/Source/queue.o
 .debug_ranges  0x000002f8       0x30 obj/FreeRTOS/Source/list.o
 .debug_ranges  0x00000328       0x40 obj/FreeRTOS/Source/croutine.o
 .debug_ranges  0x00000368       0x68 obj/FreeRTOS/Source/portable/GCC/ARM_CM4F/port.o
 .debug_ranges  0x000003d0       0x30 obj/libs/STM32F4xx_StdPeriph_Driver/src/misc.o
 .debug_ranges  0x00000400      0x138 obj/libs/STM32F4xx_StdPeriph_Driver/src/stm32f4xx_adc.o
 .debug_ranges  0x00000538       0xd0 obj/libs/STM32F4xx_StdPeriph_Driver/src/stm32f4xx_can.o
 .debug_ranges  0x00000608       0x38 obj/libs/STM32F4xx_StdPeriph_Driver/src/stm32f4xx_crc.o
 .debug_ranges  0x00000640       0x90 obj/libs/STM32F4xx_StdPeriph_Driver/src/stm32f4xx_cryp.o
 .debug_ranges  0x000006d0       0x20 obj/libs/STM32F4xx_StdPeriph_Driver/src/stm32f4xx_cryp_aes.o
 .debug_ranges  0x000006f0       0x18 obj/libs/STM32F4xx_StdPeriph_Driver/src/stm32f4xx_cryp_des.o
 .debug_ranges  0x00000708       0x18 obj/libs/STM32F4xx_StdPeriph_Driver/src/stm32f4xx_cryp_tdes.o
 .debug_ranges  0x00000720       0x90 obj/libs/STM32F4xx_StdPeriph_Driver/src/stm32f4xx_dac.o
 .debug_ranges  0x000007b0       0x30 obj/libs/STM32F4xx_StdPeriph_Driver/src/stm32f4xx_dbgmcu.o
 .debug_ranges  0x000007e0       0x80 obj/libs/STM32F4xx_StdPeriph_Driver/src/stm32f4xx_dcmi.o
 .debug_ranges  0x00000860       0xa0 obj/libs/STM32F4xx_StdPeriph_Driver/src/stm32f4xx_dma.o
 .debug_ranges  0x00000900       0x48 obj/libs/STM32F4xx_StdPeriph_Driver/src/stm32f4xx_exti.o
 .debug_ranges  0x00000948       0xf8 obj/libs/STM32F4xx_StdPeriph_Driver/src/stm32f4xx_flash.o
 .debug_ranges  0x00000a40       0xa0 obj/libs/STM32F4xx_StdPeriph_Driver/src/stm32f4xx_fsmc.o
 .debug_ranges  0x00000ae0       0x78 obj/libs/STM32F4xx_StdPeriph_Driver/src/stm32f4xx_gpio.o
 .debug_ranges  0x00000b58       0x90 obj/libs/STM32F4xx_StdPeriph_Driver/src/stm32f4xx_hash.o
 .debug_ranges  0x00000be8       0x18 obj/libs/STM32F4xx_StdPeriph_Driver/src/stm32f4xx_hash_md5.o
 .debug_ranges  0x00000c00       0x18 obj/libs/STM32F4xx_StdPeriph_Driver/src/stm32f4xx_hash_sha1.o
 .debug_ranges  0x00000c18      0x110 obj/libs/STM32F4xx_StdPeriph_Driver/src/stm32f4xx_i2c.o
 .debug_ranges  0x00000d28       0x38 obj/libs/STM32F4xx_StdPeriph_Driver/src/stm32f4xx_iwdg.o
 .debug_ranges  0x00000d60       0x68 obj/libs/STM32F4xx_StdPeriph_Driver/src/stm32f4xx_pwr.o
 .debug_ranges  0x00000dc8      0x168 obj/libs/STM32F4xx_StdPeriph_Driver/src/stm32f4xx_rcc.o
 .debug_ranges  0x00000f30       0x48 obj/libs/STM32F4xx_StdPeriph_Driver/src/stm32f4xx_rng.o
 .debug_ranges  0x00000f78      0x1d0 obj/libs/STM32F4xx_StdPeriph_Driver/src/stm32f4xx_rtc.o
 .debug_ranges  0x00001148       0xf8 obj/libs/STM32F4xx_StdPeriph_Driver/src/stm32f4xx_sdio.o
 .debug_ranges  0x00001240       0xd0 obj/libs/STM32F4xx_StdPeriph_Driver/src/stm32f4xx_spi.o
 .debug_ranges  0x00001310       0x38 obj/libs/STM32F4xx_StdPeriph_Driver/src/stm32f4xx_syscfg.o
 .debug_ranges  0x00001348      0x2e8 obj/libs/STM32F4xx_StdPeriph_Driver/src/stm32f4xx_tim.o
 .debug_ranges  0x00001630       0xf0 obj/libs/STM32F4xx_StdPeriph_Driver/src/stm32f4xx_usart.o
 .debug_ranges  0x00001720       0x48 obj/libs/STM32F4xx_StdPeriph_Driver/src/stm32f4xx_wwdg.o

.debug_str      0x00000000     0x7bcd
 .debug_str     0x00000000      0xd96 obj/src/uart.o
                                0xe17 (size before relaxing)
 .debug_str     0x00000d96      0x139 obj/src/ustime.o
                                0x32d (size before relaxing)
 .debug_str     0x00000ecf      0x1e5 obj/src/main.o
                                0x55d (size before relaxing)
 .debug_str     0x000010b4      0x104 obj/src/system_stm32f4xx.o
                                0x30f (size before relaxing)
 .debug_str     0x000011b8      0x180 obj/src/syscalls.o
                                0x65e (size before relaxing)
 .debug_str     0x00001338      0x9ac obj/FreeRTOS/Source/tasks.o
                                0xad0 (size before relaxing)
 .debug_str     0x00001ce4      0x2b9 obj/FreeRTOS/Source/queue.o
                                0x4b3 (size before relaxing)
 .debug_str     0x00001f9d       0xa3 obj/FreeRTOS/Source/list.o
                                0x229 (size before relaxing)
 .debug_str     0x00002040      0x24f obj/FreeRTOS/Source/croutine.o
                                0x435 (size before relaxing)
 .debug_str     0x0000228f      0x137 obj/FreeRTOS/Source/portable/GCC/ARM_CM4F/port.o
                                0x25f (size before relaxing)
 .debug_str     0x000023c6      0x149 obj/libs/STM32F4xx_StdPeriph_Driver/src/misc.o
                                0x358 (size before relaxing)
 .debug_str     0x0000250f      0x4e9 obj/libs/STM32F4xx_StdPeriph_Driver/src/stm32f4xx_adc.o
                                0x783 (size before relaxing)
 .debug_str     0x000029f8      0x50f obj/libs/STM32F4xx_StdPeriph_Driver/src/stm32f4xx_can.o
                                0x6bd (size before relaxing)
 .debug_str     0x00002f07       0xbb obj/libs/STM32F4xx_StdPeriph_Driver/src/stm32f4xx_crc.o
                                0x1ca (size before relaxing)
 .debug_str     0x00002fc2      0x3a6 obj/libs/STM32F4xx_StdPeriph_Driver/src/stm32f4xx_cryp.o
                                0x53c (size before relaxing)
 .debug_str     0x00003368      0x101 obj/libs/STM32F4xx_StdPeriph_Driver/src/stm32f4xx_cryp_aes.o
                                0x366 (size before relaxing)
 .debug_str     0x00003469       0x53 obj/libs/STM32F4xx_StdPeriph_Driver/src/stm32f4xx_cryp_des.o
                                0x351 (size before relaxing)
 .debug_str     0x000034bc       0xa3 obj/libs/STM32F4xx_StdPeriph_Driver/src/stm32f4xx_cryp_tdes.o
                                0x357 (size before relaxing)
 .debug_str     0x0000355f      0x206 obj/libs/STM32F4xx_StdPeriph_Driver/src/stm32f4xx_dac.o
                                0x3d2 (size before relaxing)
 .debug_str     0x00003765       0xc7 obj/libs/STM32F4xx_StdPeriph_Driver/src/stm32f4xx_dbgmcu.o
                                0x1d4 (size before relaxing)
 .debug_str     0x0000382c      0x2fb obj/libs/STM32F4xx_StdPeriph_Driver/src/stm32f4xx_dcmi.o
                                0x458 (size before relaxing)
 .debug_str     0x00003b27      0x36f obj/libs/STM32F4xx_StdPeriph_Driver/src/stm32f4xx_dma.o
                                0x4cb (size before relaxing)
 .debug_str     0x00003e96      0x1b8 obj/libs/STM32F4xx_StdPeriph_Driver/src/stm32f4xx_exti.o
                                0x2ed (size before relaxing)
 .debug_str     0x0000404e      0x38f obj/libs/STM32F4xx_StdPeriph_Driver/src/stm32f4xx_flash.o
                                0x506 (size before relaxing)
 .debug_str     0x000043dd      0x5c6 obj/libs/STM32F4xx_StdPeriph_Driver/src/stm32f4xx_fsmc.o
                                0x713 (size before relaxing)
 .debug_str     0x000049a3      0x183 obj/libs/STM32F4xx_StdPeriph_Driver/src/stm32f4xx_gpio.o
                                0x422 (size before relaxing)
 .debug_str     0x00004b26      0x25b obj/libs/STM32F4xx_StdPeriph_Driver/src/stm32f4xx_hash.o
                                0x3b1 (size before relaxing)
 .debug_str     0x00004d81       0x9f obj/libs/STM32F4xx_StdPeriph_Driver/src/stm32f4xx_hash_md5.o
                                0x271 (size before relaxing)
 .debug_str     0x00004e20       0x79 obj/libs/STM32F4xx_StdPeriph_Driver/src/stm32f4xx_hash_sha1.o
                                0x276 (size before relaxing)
 .debug_str     0x00004e99      0x3ad obj/libs/STM32F4xx_StdPeriph_Driver/src/stm32f4xx_i2c.o
                                0x5e4 (size before relaxing)
 .debug_str     0x00005246       0xd3 obj/libs/STM32F4xx_StdPeriph_Driver/src/stm32f4xx_iwdg.o
                                0x1eb (size before relaxing)
 .debug_str     0x00005319      0x14f obj/libs/STM32F4xx_StdPeriph_Driver/src/stm32f4xx_pwr.o
                                0x2f9 (size before relaxing)
 .debug_str     0x00005468      0x4dd obj/libs/STM32F4xx_StdPeriph_Driver/src/stm32f4xx_rcc.o
                                0x7cf (size before relaxing)
 .debug_str     0x00005945       0xca obj/libs/STM32F4xx_StdPeriph_Driver/src/stm32f4xx_rng.o
                                0x203 (size before relaxing)
 .debug_str     0x00005a0f      0x94f obj/libs/STM32F4xx_StdPeriph_Driver/src/stm32f4xx_rtc.o
                                0xad2 (size before relaxing)
 .debug_str     0x0000635e      0x471 obj/libs/STM32F4xx_StdPeriph_Driver/src/stm32f4xx_sdio.o
                                0x5ca (size before relaxing)
 .debug_str     0x000067cf      0x384 obj/libs/STM32F4xx_StdPeriph_Driver/src/stm32f4xx_spi.o
                                0x609 (size before relaxing)
 .debug_str     0x00006b53      0x145 obj/libs/STM32F4xx_StdPeriph_Driver/src/stm32f4xx_syscfg.o
                                0x27e (size before relaxing)
 .debug_str     0x00006c98      0xad1 obj/libs/STM32F4xx_StdPeriph_Driver/src/stm32f4xx_tim.o
                                0xd4f (size before relaxing)
 .debug_str     0x00007769      0x395 obj/libs/STM32F4xx_StdPeriph_Driver/src/stm32f4xx_usart.o
                                0x60e (size before relaxing)
 .debug_str     0x00007afe       0xcf obj/libs/STM32F4xx_StdPeriph_Driver/src/stm32f4xx_wwdg.o
                                0x201 (size before relaxing)

.comment        0x00000000       0x2a
 .comment       0x00000000       0x2a obj/src/uart.o
                                 0x2b (size before relaxing)
 .comment       0x00000000       0x2b obj/src/ustime.o
 .comment       0x00000000       0x2b obj/src/main.o
 .comment       0x00000000       0x2b obj/src/system_stm32f4xx.o
 .comment       0x00000000       0x2b obj/src/syscalls.o
 .comment       0x00000000       0x2b obj/FreeRTOS/Source/tasks.o
 .comment       0x00000000       0x2b obj/FreeRTOS/Source/queue.o
 .comment       0x00000000       0x2b obj/FreeRTOS/Source/list.o
 .comment       0x00000000       0x2b obj/FreeRTOS/Source/croutine.o
 .comment       0x00000000       0x2b obj/FreeRTOS/Source/portable/GCC/ARM_CM4F/port.o
 .comment       0x00000000       0x2b obj/libs/STM32F4xx_StdPeriph_Driver/src/misc.o
 .comment       0x00000000       0x2b obj/libs/STM32F4xx_StdPeriph_Driver/src/stm32f4xx_adc.o
 .comment       0x00000000       0x2b obj/libs/STM32F4xx_StdPeriph_Driver/src/stm32f4xx_can.o
 .comment       0x00000000       0x2b obj/libs/STM32F4xx_StdPeriph_Driver/src/stm32f4xx_crc.o
 .comment       0x00000000       0x2b obj/libs/STM32F4xx_StdPeriph_Driver/src/stm32f4xx_cryp.o
 .comment       0x00000000       0x2b obj/libs/STM32F4xx_StdPeriph_Driver/src/stm32f4xx_cryp_aes.o
 .comment       0x00000000       0x2b obj/libs/STM32F4xx_StdPeriph_Driver/src/stm32f4xx_cryp_des.o
 .comment       0x00000000       0x2b obj/libs/STM32F4xx_StdPeriph_Driver/src/stm32f4xx_cryp_tdes.o
 .comment       0x00000000       0x2b obj/libs/STM32F4xx_StdPeriph_Driver/src/stm32f4xx_dac.o
 .comment       0x00000000       0x2b obj/libs/STM32F4xx_StdPeriph_Driver/src/stm32f4xx_dbgmcu.o
 .comment       0x00000000       0x2b obj/libs/STM32F4xx_StdPeriph_Driver/src/stm32f4xx_dcmi.o
 .comment       0x00000000       0x2b obj/libs/STM32F4xx_StdPeriph_Driver/src/stm32f4xx_dma.o
 .comment       0x00000000       0x2b obj/libs/STM32F4xx_StdPeriph_Driver/src/stm32f4xx_exti.o
 .comment       0x00000000       0x2b obj/libs/STM32F4xx_StdPeriph_Driver/src/stm32f4xx_flash.o
 .comment       0x00000000       0x2b obj/libs/STM32F4xx_StdPeriph_Driver/src/stm32f4xx_fsmc.o
 .comment       0x00000000       0x2b obj/libs/STM32F4xx_StdPeriph_Driver/src/stm32f4xx_gpio.o
 .comment       0x00000000       0x2b obj/libs/STM32F4xx_StdPeriph_Driver/src/stm32f4xx_hash.o
 .comment       0x00000000       0x2b obj/libs/STM32F4xx_StdPeriph_Driver/src/stm32f4xx_hash_md5.o
 .comment       0x00000000       0x2b obj/libs/STM32F4xx_StdPeriph_Driver/src/stm32f4xx_hash_sha1.o
 .comment       0x00000000       0x2b obj/libs/STM32F4xx_StdPeriph_Driver/src/stm32f4xx_i2c.o
 .comment       0x00000000       0x2b obj/libs/STM32F4xx_StdPeriph_Driver/src/stm32f4xx_iwdg.o
 .comment       0x00000000       0x2b obj/libs/STM32F4xx_StdPeriph_Driver/src/stm32f4xx_pwr.o
 .comment       0x00000000       0x2b obj/libs/STM32F4xx_StdPeriph_Driver/src/stm32f4xx_rcc.o
 .comment       0x00000000       0x2b obj/libs/STM32F4xx_StdPeriph_Driver/src/stm32f4xx_rng.o
 .comment       0x00000000       0x2b obj/libs/STM32F4xx_StdPeriph_Driver/src/stm32f4xx_rtc.o
 .comment       0x00000000       0x2b obj/libs/STM32F4xx_StdPeriph_Driver/src/stm32f4xx_sdio.o
 .comment       0x00000000       0x2b obj/libs/STM32F4xx_StdPeriph_Driver/src/stm32f4xx_spi.o
 .comment       0x00000000       0x2b obj/libs/STM32F4xx_StdPeriph_Driver/src/stm32f4xx_syscfg.o
 .comment       0x00000000       0x2b obj/libs/STM32F4xx_StdPeriph_Driver/src/stm32f4xx_tim.o
 .comment       0x00000000       0x2b obj/libs/STM32F4xx_StdPeriph_Driver/src/stm32f4xx_usart.o
 .comment       0x00000000       0x2b obj/libs/STM32F4xx_StdPeriph_Driver/src/stm32f4xx_wwdg.o

.debug_frame    0x00000000     0x5a30
 .debug_frame   0x00000000      0x108 obj/src/uart.o
 .debug_frame   0x00000108       0x8c obj/src/ustime.o
 .debug_frame   0x00000194       0x70 obj/src/main.o
 .debug_frame   0x00000204       0x64 obj/src/system_stm32f4xx.o
 .debug_frame   0x00000268      0x174 obj/src/syscalls.o
 .debug_frame   0x000003dc      0x540 obj/FreeRTOS/Source/tasks.o
 .debug_frame   0x0000091c      0x204 obj/FreeRTOS/Source/queue.o
 .debug_frame   0x00000b20       0x9c obj/FreeRTOS/Source/list.o
 .debug_frame   0x00000bbc       0xf0 obj/FreeRTOS/Source/croutine.o
 .debug_frame   0x00000cac      0x134 obj/FreeRTOS/Source/portable/GCC/ARM_CM4F/port.o
 .debug_frame   0x00000de0       0x9c obj/libs/STM32F4xx_StdPeriph_Driver/src/misc.o
 .debug_frame   0x00000e7c      0x438 obj/libs/STM32F4xx_StdPeriph_Driver/src/stm32f4xx_adc.o
 .debug_frame   0x000012b4      0x2d4 obj/libs/STM32F4xx_StdPeriph_Driver/src/stm32f4xx_can.o
 .debug_frame   0x00001588       0xb8 obj/libs/STM32F4xx_StdPeriph_Driver/src/stm32f4xx_crc.o
 .debug_frame   0x00001640      0x1ec obj/libs/STM32F4xx_StdPeriph_Driver/src/stm32f4xx_cryp.o
 .debug_frame   0x0000182c       0x7c obj/libs/STM32F4xx_StdPeriph_Driver/src/stm32f4xx_cryp_aes.o
 .debug_frame   0x000018a8       0x58 obj/libs/STM32F4xx_StdPeriph_Driver/src/stm32f4xx_cryp_des.o
 .debug_frame   0x00001900       0x58 obj/libs/STM32F4xx_StdPeriph_Driver/src/stm32f4xx_cryp_tdes.o
 .debug_frame   0x00001958      0x1ec obj/libs/STM32F4xx_StdPeriph_Driver/src/stm32f4xx_dac.o
 .debug_frame   0x00001b44       0x9c obj/libs/STM32F4xx_StdPeriph_Driver/src/stm32f4xx_dbgmcu.o
 .debug_frame   0x00001be0      0x1b4 obj/libs/STM32F4xx_StdPeriph_Driver/src/stm32f4xx_dcmi.o
 .debug_frame   0x00001d94      0x224 obj/libs/STM32F4xx_StdPeriph_Driver/src/stm32f4xx_dma.o
 .debug_frame   0x00001fb8       0xf0 obj/libs/STM32F4xx_StdPeriph_Driver/src/stm32f4xx_exti.o
 .debug_frame   0x000020a8      0x384 obj/libs/STM32F4xx_StdPeriph_Driver/src/stm32f4xx_flash.o
 .debug_frame   0x0000242c      0x224 obj/libs/STM32F4xx_StdPeriph_Driver/src/stm32f4xx_fsmc.o
 .debug_frame   0x00002650      0x19c obj/libs/STM32F4xx_StdPeriph_Driver/src/stm32f4xx_gpio.o
 .debug_frame   0x000027ec      0x1ec obj/libs/STM32F4xx_StdPeriph_Driver/src/stm32f4xx_hash.o
 .debug_frame   0x000029d8       0x58 obj/libs/STM32F4xx_StdPeriph_Driver/src/stm32f4xx_hash_md5.o
 .debug_frame   0x00002a30       0x58 obj/libs/STM32F4xx_StdPeriph_Driver/src/stm32f4xx_hash_sha1.o
 .debug_frame   0x00002a88      0x3b4 obj/libs/STM32F4xx_StdPeriph_Driver/src/stm32f4xx_i2c.o
 .debug_frame   0x00002e3c       0xb8 obj/libs/STM32F4xx_StdPeriph_Driver/src/stm32f4xx_iwdg.o
 .debug_frame   0x00002ef4      0x160 obj/libs/STM32F4xx_StdPeriph_Driver/src/stm32f4xx_pwr.o
 .debug_frame   0x00003054      0x4e4 obj/libs/STM32F4xx_StdPeriph_Driver/src/stm32f4xx_rcc.o
 .debug_frame   0x00003538       0xf0 obj/libs/STM32F4xx_StdPeriph_Driver/src/stm32f4xx_rng.o
 .debug_frame   0x00003628      0x68c obj/libs/STM32F4xx_StdPeriph_Driver/src/stm32f4xx_rtc.o
 .debug_frame   0x00003cb4      0x358 obj/libs/STM32F4xx_StdPeriph_Driver/src/stm32f4xx_sdio.o
 .debug_frame   0x0000400c      0x2d0 obj/libs/STM32F4xx_StdPeriph_Driver/src/stm32f4xx_spi.o
 .debug_frame   0x000042dc       0xbc obj/libs/STM32F4xx_StdPeriph_Driver/src/stm32f4xx_syscfg.o
 .debug_frame   0x00004398      0xa3c obj/libs/STM32F4xx_StdPeriph_Driver/src/stm32f4xx_tim.o
 .debug_frame   0x00004dd4      0x344 obj/libs/STM32F4xx_StdPeriph_Driver/src/stm32f4xx_usart.o
 .debug_frame   0x00005118       0xf0 obj/libs/STM32F4xx_StdPeriph_Driver/src/stm32f4xx_wwdg.o
 .debug_frame   0x00005208       0x2c /home/chetanpatil/CodeSourcery/Sourcery_G++_Lite/bin/../lib/gcc/arm-none-eabi/4.5.2/../../../../arm-none-eabi/lib/thumb2/libc.a(lib_a-init.o)
 .debug_frame   0x00005234       0x30 /home/chetanpatil/CodeSourcery/Sourcery_G++_Lite/bin/../lib/gcc/arm-none-eabi/4.5.2/../../../../arm-none-eabi/lib/thumb2/libc.a(lib_a-malloc.o)
 .debug_frame   0x00005264       0x3c /home/chetanpatil/CodeSourcery/Sourcery_G++_Lite/bin/../lib/gcc/arm-none-eabi/4.5.2/../../../../arm-none-eabi/lib/thumb2/libc.a(lib_a-mallocr.o)
 .debug_frame   0x000052a0       0x30 /home/chetanpatil/CodeSourcery/Sourcery_G++_Lite/bin/../lib/gcc/arm-none-eabi/4.5.2/../../../../arm-none-eabi/lib/thumb2/libc.a(lib_a-memcpy.o)
 .debug_frame   0x000052d0       0x2c /home/chetanpatil/CodeSourcery/Sourcery_G++_Lite/bin/../lib/gcc/arm-none-eabi/4.5.2/../../../../arm-none-eabi/lib/thumb2/libc.a(lib_a-memset.o)
 .debug_frame   0x000052fc       0x64 /home/chetanpatil/CodeSourcery/Sourcery_G++_Lite/bin/../lib/gcc/arm-none-eabi/4.5.2/../../../../arm-none-eabi/lib/thumb2/libc.a(lib_a-sprintf.o)
 .debug_frame   0x00005360       0x2c /home/chetanpatil/CodeSourcery/Sourcery_G++_Lite/bin/../lib/gcc/arm-none-eabi/4.5.2/../../../../arm-none-eabi/lib/thumb2/libc.a(lib_a-strcat.o)
 .debug_frame   0x0000538c       0x20 /home/chetanpatil/CodeSourcery/Sourcery_G++_Lite/bin/../lib/gcc/arm-none-eabi/4.5.2/../../../../arm-none-eabi/lib/thumb2/libc.a(lib_a-strcpy.o)
 .debug_frame   0x000053ac       0x20 /home/chetanpatil/CodeSourcery/Sourcery_G++_Lite/bin/../lib/gcc/arm-none-eabi/4.5.2/../../../../arm-none-eabi/lib/thumb2/libc.a(lib_a-strlen.o)
 .debug_frame   0x000053cc       0x2c /home/chetanpatil/CodeSourcery/Sourcery_G++_Lite/bin/../lib/gcc/arm-none-eabi/4.5.2/../../../../arm-none-eabi/lib/thumb2/libc.a(lib_a-strncpy.o)
 .debug_frame   0x000053f8       0x3c /home/chetanpatil/CodeSourcery/Sourcery_G++_Lite/bin/../lib/gcc/arm-none-eabi/4.5.2/../../../../arm-none-eabi/lib/thumb2/libc.a(lib_a-svfprintf.o)
 .debug_frame   0x00005434       0x68 /home/chetanpatil/CodeSourcery/Sourcery_G++_Lite/bin/../lib/gcc/arm-none-eabi/4.5.2/../../../../arm-none-eabi/lib/thumb2/libc.a(lib_a-dtoa.o)
 .debug_frame   0x0000549c       0x50 /home/chetanpatil/CodeSourcery/Sourcery_G++_Lite/bin/../lib/gcc/arm-none-eabi/4.5.2/../../../../arm-none-eabi/lib/thumb2/libc.a(lib_a-freer.o)
 .debug_frame   0x000054ec       0x98 /home/chetanpatil/CodeSourcery/Sourcery_G++_Lite/bin/../lib/gcc/arm-none-eabi/4.5.2/../../../../arm-none-eabi/lib/thumb2/libc.a(lib_a-locale.o)
 .debug_frame   0x00005584       0x2c /home/chetanpatil/CodeSourcery/Sourcery_G++_Lite/bin/../lib/gcc/arm-none-eabi/4.5.2/../../../../arm-none-eabi/lib/thumb2/libc.a(lib_a-memchr.o)
 .debug_frame   0x000055b0      0x244 /home/chetanpatil/CodeSourcery/Sourcery_G++_Lite/bin/../lib/gcc/arm-none-eabi/4.5.2/../../../../arm-none-eabi/lib/thumb2/libc.a(lib_a-mprec.o)
 .debug_frame   0x000057f4       0x28 /home/chetanpatil/CodeSourcery/Sourcery_G++_Lite/bin/../lib/gcc/arm-none-eabi/4.5.2/../../../../arm-none-eabi/lib/thumb2/libc.a(lib_a-s_fpclassify.o)
 .debug_frame   0x0000581c       0x30 /home/chetanpatil/CodeSourcery/Sourcery_G++_Lite/bin/../lib/gcc/arm-none-eabi/4.5.2/../../../../arm-none-eabi/lib/thumb2/libc.a(lib_a-strcmp.o)
 .debug_frame   0x0000584c       0x68 /home/chetanpatil/CodeSourcery/Sourcery_G++_Lite/bin/../lib/gcc/arm-none-eabi/4.5.2/../../../../arm-none-eabi/lib/thumb2/libc.a(lib_a-svfiprintf.o)
 .debug_frame   0x000058b4       0x2c /home/chetanpatil/CodeSourcery/Sourcery_G++_Lite/bin/../lib/gcc/arm-none-eabi/4.5.2/../../../../arm-none-eabi/lib/thumb2/libc.a(lib_a-callocr.o)
 .debug_frame   0x000058e0       0x2c /home/chetanpatil/CodeSourcery/Sourcery_G++_Lite/bin/../lib/gcc/arm-none-eabi/4.5.2/../../../../arm-none-eabi/lib/thumb2/libc.a(lib_a-memmove.o)
 .debug_frame   0x0000590c       0x3c /home/chetanpatil/CodeSourcery/Sourcery_G++_Lite/bin/../lib/gcc/arm-none-eabi/4.5.2/../../../../arm-none-eabi/lib/thumb2/libc.a(lib_a-reallocr.o)
 .debug_frame   0x00005948       0x20 /home/chetanpatil/CodeSourcery/Sourcery_G++_Lite/bin/../lib/gcc/arm-none-eabi/4.5.2/thumb2/libgcc.a(_udivsi3.o)
 .debug_frame   0x00005968       0x50 /home/chetanpatil/CodeSourcery/Sourcery_G++_Lite/bin/../lib/gcc/arm-none-eabi/4.5.2/thumb2/libgcc.a(bpabi.o)
 .debug_frame   0x000059b8       0x3c /home/chetanpatil/CodeSourcery/Sourcery_G++_Lite/bin/../lib/gcc/arm-none-eabi/4.5.2/thumb2/libgcc.a(_divdi3.o)
 .debug_frame   0x000059f4       0x3c /home/chetanpatil/CodeSourcery/Sourcery_G++_Lite/bin/../lib/gcc/arm-none-eabi/4.5.2/thumb2/libgcc.a(_udivdi3.o)

Cross Reference Table

Symbol                                            File
ADC_AnalogWatchdogCmd                             obj/libs/STM32F4xx_StdPeriph_Driver/src/stm32f4xx_adc.o
ADC_AnalogWatchdogSingleChannelConfig             obj/libs/STM32F4xx_StdPeriph_Driver/src/stm32f4xx_adc.o
ADC_AnalogWatchdogThresholdsConfig                obj/libs/STM32F4xx_StdPeriph_Driver/src/stm32f4xx_adc.o
ADC_AutoInjectedConvCmd                           obj/libs/STM32F4xx_StdPeriph_Driver/src/stm32f4xx_adc.o
ADC_ClearFlag                                     obj/libs/STM32F4xx_StdPeriph_Driver/src/stm32f4xx_adc.o
ADC_ClearITPendingBit                             obj/libs/STM32F4xx_StdPeriph_Driver/src/stm32f4xx_adc.o
ADC_Cmd                                           obj/libs/STM32F4xx_StdPeriph_Driver/src/stm32f4xx_adc.o
                                                  obj/src/main.o
ADC_CommonInit                                    obj/libs/STM32F4xx_StdPeriph_Driver/src/stm32f4xx_adc.o
                                                  obj/src/main.o
ADC_CommonStructInit                              obj/libs/STM32F4xx_StdPeriph_Driver/src/stm32f4xx_adc.o
ADC_ContinuousModeCmd                             obj/libs/STM32F4xx_StdPeriph_Driver/src/stm32f4xx_adc.o
ADC_DMACmd                                        obj/libs/STM32F4xx_StdPeriph_Driver/src/stm32f4xx_adc.o
ADC_DMARequestAfterLastTransferCmd                obj/libs/STM32F4xx_StdPeriph_Driver/src/stm32f4xx_adc.o
ADC_DeInit                                        obj/libs/STM32F4xx_StdPeriph_Driver/src/stm32f4xx_adc.o
ADC_DiscModeChannelCountConfig                    obj/libs/STM32F4xx_StdPeriph_Driver/src/stm32f4xx_adc.o
ADC_DiscModeCmd                                   obj/libs/STM32F4xx_StdPeriph_Driver/src/stm32f4xx_adc.o
ADC_EOCOnEachRegularChannelCmd                    obj/libs/STM32F4xx_StdPeriph_Driver/src/stm32f4xx_adc.o
ADC_ExternalTrigInjectedConvConfig                obj/libs/STM32F4xx_StdPeriph_Driver/src/stm32f4xx_adc.o
ADC_ExternalTrigInjectedConvEdgeConfig            obj/libs/STM32F4xx_StdPeriph_Driver/src/stm32f4xx_adc.o
ADC_GetConversionValue                            obj/libs/STM32F4xx_StdPeriph_Driver/src/stm32f4xx_adc.o
                                                  obj/src/main.o
ADC_GetFlagStatus                                 obj/libs/STM32F4xx_StdPeriph_Driver/src/stm32f4xx_adc.o
ADC_GetITStatus                                   obj/libs/STM32F4xx_StdPeriph_Driver/src/stm32f4xx_adc.o
ADC_GetInjectedConversionValue                    obj/libs/STM32F4xx_StdPeriph_Driver/src/stm32f4xx_adc.o
ADC_GetMultiModeConversionValue                   obj/libs/STM32F4xx_StdPeriph_Driver/src/stm32f4xx_adc.o
ADC_GetSoftwareStartConvStatus                    obj/libs/STM32F4xx_StdPeriph_Driver/src/stm32f4xx_adc.o
ADC_GetSoftwareStartInjectedConvCmdStatus         obj/libs/STM32F4xx_StdPeriph_Driver/src/stm32f4xx_adc.o
ADC_IRQHandler                                    obj/src/startup_stm32f4xx.o
ADC_ITConfig                                      obj/libs/STM32F4xx_StdPeriph_Driver/src/stm32f4xx_adc.o
ADC_Init                                          obj/libs/STM32F4xx_StdPeriph_Driver/src/stm32f4xx_adc.o
                                                  obj/src/main.o
ADC_InjectedChannelConfig                         obj/libs/STM32F4xx_StdPeriph_Driver/src/stm32f4xx_adc.o
ADC_InjectedDiscModeCmd                           obj/libs/STM32F4xx_StdPeriph_Driver/src/stm32f4xx_adc.o
ADC_InjectedSequencerLengthConfig                 obj/libs/STM32F4xx_StdPeriph_Driver/src/stm32f4xx_adc.o
ADC_MultiModeDMARequestAfterLastTransferCmd       obj/libs/STM32F4xx_StdPeriph_Driver/src/stm32f4xx_adc.o
ADC_RegularChannelConfig                          obj/libs/STM32F4xx_StdPeriph_Driver/src/stm32f4xx_adc.o
                                                  obj/src/main.o
ADC_SetInjectedOffset                             obj/libs/STM32F4xx_StdPeriph_Driver/src/stm32f4xx_adc.o
ADC_SoftwareStartConv                             obj/libs/STM32F4xx_StdPeriph_Driver/src/stm32f4xx_adc.o
                                                  obj/src/main.o
ADC_SoftwareStartInjectedConv                     obj/libs/STM32F4xx_StdPeriph_Driver/src/stm32f4xx_adc.o
ADC_StructInit                                    obj/libs/STM32F4xx_StdPeriph_Driver/src/stm32f4xx_adc.o
ADC_TempSensorVrefintCmd                          obj/libs/STM32F4xx_StdPeriph_Driver/src/stm32f4xx_adc.o
                                                  obj/src/main.o
ADC_VBATCmd                                       obj/libs/STM32F4xx_StdPeriph_Driver/src/stm32f4xx_adc.o
AHBPrescTable                                     obj/src/system_stm32f4xx.o
BusFault_Handler                                  obj/src/startup_stm32f4xx.o
CAN1_RX0_IRQHandler                               obj/src/startup_stm32f4xx.o
CAN1_RX1_IRQHandler                               obj/src/startup_stm32f4xx.o
CAN1_SCE_IRQHandler                               obj/src/startup_stm32f4xx.o
CAN1_TX_IRQHandler                                obj/src/startup_stm32f4xx.o
CAN2_RX0_IRQHandler                               obj/src/startup_stm32f4xx.o
CAN2_RX1_IRQHandler                               obj/src/startup_stm32f4xx.o
CAN2_SCE_IRQHandler                               obj/src/startup_stm32f4xx.o
CAN2_TX_IRQHandler                                obj/src/startup_stm32f4xx.o
CAN_CancelTransmit                                obj/libs/STM32F4xx_StdPeriph_Driver/src/stm32f4xx_can.o
CAN_ClearFlag                                     obj/libs/STM32F4xx_StdPeriph_Driver/src/stm32f4xx_can.o
CAN_ClearITPendingBit                             obj/libs/STM32F4xx_StdPeriph_Driver/src/stm32f4xx_can.o
CAN_DBGFreeze                                     obj/libs/STM32F4xx_StdPeriph_Driver/src/stm32f4xx_can.o
CAN_DeInit                                        obj/libs/STM32F4xx_StdPeriph_Driver/src/stm32f4xx_can.o